
=== kernel: /home/ed/kernel-images/vmlinuz-v5.15 ===
make[1]: Entering directory '/home/ed/iomoments'
vmtest load build/iomoments.bpf.o against /home/ed/kernel-images/vmlinuz-v5.15
=> vmlinuz-v5.15
===> Booting
Probing EDD (edd=off to disable)... ok
[    0.000000] Linux version 5.15.0 (root@9b607f474351) (gcc (Alpine 11.2.1_git20220219) 11.2.1 20220219, GNU ld (GNU Binutils) 2.38) #1 SMP Fri Apr 24 05:13:24 UTC 2026
[    0.000000] Command line: rootfstype=9p rootflags=trans=virtio,cache=mmap,msize=1048576 rw earlyprintk=serial,0,115200 printk.devkmsg=on console=0,115200 loglevel=7 raid=noautodetect init=/tmp/vmtest-initprdyA.sh panic=-1
[    0.000000] x86/fpu: Supporting XSAVE feature 0x001: 'x87 floating point registers'
[    0.000000] x86/fpu: Supporting XSAVE feature 0x002: 'SSE registers'
[    0.000000] x86/fpu: Supporting XSAVE feature 0x004: 'AVX registers'
[    0.000000] x86/fpu: Supporting XSAVE feature 0x008: 'MPX bounds registers'
[    0.000000] x86/fpu: Supporting XSAVE feature 0x010: 'MPX CSR'
[    0.000000] x86/fpu: xstate_offset[2]:  576, xstate_sizes[2]:  256
[    0.000000] x86/fpu: xstate_offset[3]:  832, xstate_sizes[3]:   64
[    0.000000] x86/fpu: xstate_offset[4]:  896, xstate_sizes[4]:   64
[    0.000000] x86/fpu: Enabled xstate features 0x1f, context size is 960 bytes, using 'compacted' format.
[    0.000000] signal: max sigframe size: 2032
[    0.000000] BIOS-provided physical RAM map:
[    0.000000] BIOS-e820: [mem 0x0000000000000000-0x000000000009fbff] usable
[    0.000000] BIOS-e820: [mem 0x000000000009fc00-0x000000000009ffff] reserved
[    0.000000] BIOS-e820: [mem 0x00000000000f0000-0x00000000000fffff] reserved
[    0.000000] BIOS-e820: [mem 0x0000000000100000-0x00000000bffdffff] usable
[    0.000000] BIOS-e820: [mem 0x00000000bffe0000-0x00000000bfffffff] reserved
[    0.000000] BIOS-e820: [mem 0x00000000feffc000-0x00000000feffffff] reserved
[    0.000000] BIOS-e820: [mem 0x00000000fffc0000-0x00000000ffffffff] reserved
[    0.000000] BIOS-e820: [mem 0x0000000100000000-0x000000013fffffff] usable
[    0.000000] printk: bootconsole [earlyser0] enabled
[    0.000000] NX (Execute Disable) protection: active
[    0.000000] SMBIOS 3.0.0 present.
[    0.000000] DMI: QEMU Ubuntu 24.04 PC v2 (i440FX + PIIX, arch_caps fix, 1996), BIOS 1.16.3-debian-1.16.3-2 04/01/2014
[    0.000000] Hypervisor detected: KVM
[    0.000000] kvm-clock: Using msrs 4b564d01 and 4b564d00
[    0.000000] kvm-clock: cpu 0, msr bce01001, primary cpu clock
[    0.000004] kvm-clock: using sched offset of 446468091 cycles
[    0.002257] clocksource: kvm-clock: mask: 0xffffffffffffffff max_cycles: 0x1cd42e4dffb, max_idle_ns: 881590591483 ns
[    0.008602] tsc: Detected 1992.005 MHz processor
[    0.012285] last_pfn = 0x140000 max_arch_pfn = 0x400000000
[    0.016142] x86/PAT: Configuration [0-7]: WB  WC  UC- UC  WB  WP  UC- WT
Memory KASLR using RDRAND RDTSC...
[    0.022295] last_pfn = 0xbffe0 max_arch_pfn = 0x400000000
[    0.035958] found SMP MP-table at [mem 0x000f5460-0x000f546f]
[    0.039578] Using GB pages for direct mapping
[    0.042618] ACPI: Early table checksum verification disabled
[    0.044558] ACPI: RSDP 0x00000000000F5250 000014 (v00 BOCHS )
[    0.047241] ACPI: RSDT 0x00000000BFFE1C96 000034 (v01 BOCHS  BXPC     00000001 BXPC 00000001)
[    0.050268] ACPI: FACP 0x00000000BFFE1B42 000074 (v01 BOCHS  BXPC     00000001 BXPC 00000001)
[    0.053489] ACPI: DSDT 0x00000000BFFE0040 001B02 (v01 BOCHS  BXPC     00000001 BXPC 00000001)
[    0.056839] ACPI: FACS 0x00000000BFFE0000 000040
[    0.058619] ACPI: APIC 0x00000000BFFE1BB6 000080 (v03 BOCHS  BXPC     00000001 BXPC 00000001)
[    0.062519] ACPI: HPET 0x00000000BFFE1C36 000038 (v01 BOCHS  BXPC     00000001 BXPC 00000001)
[    0.066275] ACPI: WAET 0x00000000BFFE1C6E 000028 (v01 BOCHS  BXPC     00000001 BXPC 00000001)
[    0.070591] ACPI: Reserving FACP table memory at [mem 0xbffe1b42-0xbffe1bb5]
[    0.074836] ACPI: Reserving DSDT table memory at [mem 0xbffe0040-0xbffe1b41]
[    0.078732] ACPI: Reserving FACS table memory at [mem 0xbffe0000-0xbffe003f]
[    0.082594] ACPI: Reserving APIC table memory at [mem 0xbffe1bb6-0xbffe1c35]
[    0.085912] ACPI: Reserving HPET table memory at [mem 0xbffe1c36-0xbffe1c6d]
[    0.088863] ACPI: Reserving WAET table memory at [mem 0xbffe1c6e-0xbffe1c95]
[    0.092478] No NUMA configuration found
[    0.094683] Faking a node at [mem 0x0000000000000000-0x000000013fffffff]
[    0.098240] NODE_DATA(0) allocated [mem 0x13ffd3000-0x13fffdfff]
[    0.204213] Zone ranges:
[    0.205149]   DMA      [mem 0x0000000000001000-0x0000000000ffffff]
[    0.207283]   DMA32    [mem 0x0000000001000000-0x00000000ffffffff]
[    0.210084]   Normal   [mem 0x0000000100000000-0x000000013fffffff]
[    0.212482]   Device   empty
[    0.213617] Movable zone start for each node
[    0.215481] Early memory node ranges
[    0.217294]   node   0: [mem 0x0000000000001000-0x000000000009efff]
[    0.219674]   node   0: [mem 0x0000000000100000-0x00000000bffdffff]
[    0.222816]   node   0: [mem 0x0000000100000000-0x000000013fffffff]
[    0.225807] Initmem setup node 0 [mem 0x0000000000001000-0x000000013fffffff]
[    0.229922] On node 0, zone DMA: 1 pages in unavailable ranges
[    0.229995] On node 0, zone DMA: 97 pages in unavailable ranges
[    0.246340] On node 0, zone Normal: 32 pages in unavailable ranges
[    0.250883] ACPI: PM-Timer IO Port: 0x608
[    0.255512] ACPI: LAPIC_NMI (acpi_id[0xff] dfl dfl lint[0x1])
[    0.257964] IOAPIC[0]: apic_id 0, version 17, address 0xfec00000, GSI 0-23
[    0.261107] ACPI: INT_SRC_OVR (bus 0 bus_irq 0 global_irq 2 dfl dfl)
[    0.263218] ACPI: INT_SRC_OVR (bus 0 bus_irq 5 global_irq 5 high level)
[    0.266142] ACPI: INT_SRC_OVR (bus 0 bus_irq 9 global_irq 9 high level)
[    0.269106] ACPI: INT_SRC_OVR (bus 0 bus_irq 10 global_irq 10 high level)
[    0.273080] ACPI: INT_SRC_OVR (bus 0 bus_irq 11 global_irq 11 high level)
[    0.276848] ACPI: Using ACPI (MADT) for SMP configuration information
[    0.281254] ACPI: HPET id: 0x8086a201 base: 0xfed00000
[    0.283847] TSC deadline timer available
[    0.285645] smpboot: Allowing 2 CPUs, 0 hotplug CPUs
[    0.288730] kvm-guest: KVM setup pv remote TLB flush
[    0.290979] kvm-guest: setup PV sched yield
[    0.292908] PM: hibernation: Registered nosave memory: [mem 0x00000000-0x00000fff]
[    0.296572] PM: hibernation: Registered nosave memory: [mem 0x0009f000-0x0009ffff]
[    0.299466] PM: hibernation: Registered nosave memory: [mem 0x000a0000-0x000effff]
[    0.303409] PM: hibernation: Registered nosave memory: [mem 0x000f0000-0x000fffff]
[    0.306364] PM: hibernation: Registered nosave memory: [mem 0xbffe0000-0xbfffffff]
[    0.310533] PM: hibernation: Registered nosave memory: [mem 0xc0000000-0xfeffbfff]
[    0.313999] PM: hibernation: Registered nosave memory: [mem 0xfeffc000-0xfeffffff]
[    0.319209] PM: hibernation: Registered nosave memory: [mem 0xff000000-0xfffbffff]
[    0.324446] PM: hibernation: Registered nosave memory: [mem 0xfffc0000-0xffffffff]
[    0.328832] [mem 0xc0000000-0xfeffbfff] available for PCI devices
[    0.332385] Booting paravirtualized kernel on KVM
[    0.334780] clocksource: refined-jiffies: mask: 0xffffffff max_cycles: 0xffffffff, max_idle_ns: 1910969940391419 ns
[    0.352754] setup_percpu: NR_CPUS:8192 nr_cpumask_bits:2 nr_cpu_ids:2 nr_node_ids:1
[    0.362232] percpu: Embedded 53 pages/cpu s180224 r8192 d28672 u1048576
[    0.367433] kvm-guest: setup async PF for cpu 0
[    0.370244] kvm-guest: stealtime: cpu 0, msr 13bc2b080
[    0.374271] kvm-guest: PV spinlocks enabled
[    0.376630] PV qspinlock hash table entries: 256 (order: 0, 4096 bytes, linear)
[    0.381053] Built 1 zonelists, mobility grouping on.  Total pages: 1031904
[    0.383863] Policy zone: Normal
[    0.385325] Kernel command line: rootfstype=9p rootflags=trans=virtio,cache=mmap,msize=1048576 rw earlyprintk=serial,0,115200 printk.devkmsg=on console=0,115200 loglevel=7 raid=noautodetect init=/tmp/vmtest-initprdyA.sh panic=-1
[    0.398542] Dentry cache hash table entries: 524288 (order: 10, 4194304 bytes, linear)
[    0.405239] Inode-cache hash table entries: 262144 (order: 9, 2097152 bytes, linear)
[    0.414584] mem auto-init: stack:off, heap alloc:off, heap free:off
[    0.539648] Memory: 3994772K/4193784K available (16394K kernel code, 3628K rwdata, 12128K rodata, 2936K init, 6680K bss, 198752K reserved, 0K cma-reserved)
[    0.546859] random: get_random_u64 called from __kmem_cache_create+0x2a/0x500 with crng_init=0
[    0.547426] SLUB: HWalign=64, Order=0-3, MinObjects=0, CPUs=2, Nodes=1
[    0.555407] Kernel/User page tables isolation: enabled
[    0.558040] ftrace: allocating 49324 entries in 193 pages
[    0.598579] ftrace: allocated 193 pages with 3 groups
[    0.601994] rcu: Hierarchical RCU implementation.
[    0.604395] rcu: 	RCU restricting CPUs from NR_CPUS=8192 to nr_cpu_ids=2.
[    0.607743] 	Trampoline variant of Tasks RCU enabled.
[    0.609724] 	Rude variant of Tasks RCU enabled.
[    0.611478] 	Tracing variant of Tasks RCU enabled.
[    0.613645] rcu: RCU calculated value of scheduler-enlistment delay is 100 jiffies.
[    0.616970] rcu: Adjusting geometry for rcu_fanout_leaf=16, nr_cpu_ids=2
[    0.632283] NR_IRQS: 524544, nr_irqs: 440, preallocated irqs: 16
[    0.637131] kfence: initialized - using 2097152 bytes for 255 objects at 0x(____ptrval____)-0x(____ptrval____)
[    0.643567] Console: colour *CGA 80x25
[    0.645507] printk: console [ttyS0] enabled
[    0.645507] printk: console [ttyS0] enabled
[    0.649084] printk: bootconsole [earlyser0] disabled
[    0.649084] printk: bootconsole [earlyser0] disabled
[    0.652642] ACPI: Core revision 20210730
[    0.654500] clocksource: hpet: mask: 0xffffffff max_cycles: 0xffffffff, max_idle_ns: 19112604467 ns
[    0.658362] APIC: Switch to symmetric I/O mode setup
[    0.660919] x2apic enabled
[    0.662282] Switched APIC routing to physical x2apic.
[    0.664049] kvm-guest: setup PV IPIs
[    0.667126] ..TIMER: vector=0x30 apic1=0 pin1=2 apic2=-1 pin2=-1
[    0.669741] clocksource: tsc-early: mask: 0xffffffffffffffff max_cycles: 0x396d5b41a85, max_idle_ns: 881590480540 ns
[    0.673777] Calibrating delay loop (skipped) preset value.. 3984.01 BogoMIPS (lpj=1992005)
[    0.674775] pid_max: default: 32768 minimum: 301
[    0.676814] LSM: Security Framework initializing
[    0.677829] Yama: becoming mindful.
[    0.678844] SELinux:  Initializing.
[    0.679901] LSM support for eBPF active
[    0.680791] landlock: Up and running.
[    0.681990] Mount-cache hash table entries: 8192 (order: 4, 65536 bytes, linear)
[    0.682954] Mountpoint-cache hash table entries: 8192 (order: 4, 65536 bytes, linear)
Poking KASLR using RDRAND RDTSC...
[    0.687282] x86/cpu: User Mode Instruction Prevention (UMIP) activated
[    0.687971] Last level iTLB entries: 4KB 0, 2MB 0, 4MB 0
[    0.688775] Last level dTLB entries: 4KB 0, 2MB 0, 4MB 0, 1GB 0
[    0.689784] Spectre V1 : Mitigation: usercopy/swapgs barriers and __user pointer sanitization
[    0.690778] Spectre V2 : Mitigation: Full generic retpoline
[    0.691779] Spectre V2 : Spectre v2 / SpectreRSB mitigation: Filling RSB on context switch
[    0.692779] Spectre V2 : Enabling Restricted Speculation for firmware calls
[    0.693786] Spectre V2 : mitigation: Enabling conditional Indirect Branch Prediction Barrier
[    0.694776] Speculative Store Bypass: Mitigation: Speculative Store Bypass disabled via prctl and seccomp
[    0.695780] SRBDS: Unknown: Dependent on hypervisor status
[    0.696773] MDS: Mitigation: Clear CPU buffers
[    0.704771] Freeing SMP alternatives memory: 44K
[    0.705396] smpboot: CPU0: Intel(R) Core(TM) i7-8550U CPU @ 1.80GHz (family: 0x6, model: 0x8e, stepping: 0xa)
[    0.707113] Performance Events: Skylake events, full-width counters, Intel PMU driver.
[    0.707793] ... version:                2
[    0.708780] ... bit width:              48
[    0.709777] ... generic registers:      4
[    0.710777] ... value mask:             0000ffffffffffff
[    0.711778] ... max period:             00007fffffffffff
[    0.712779] ... fixed-purpose events:   3
[    0.713777] ... event mask:             000000070000000f
[    0.715253] rcu: Hierarchical SRCU implementation.
[    0.716894] smp: Bringing up secondary CPUs ...
[    0.718477] x86: Booting SMP configuration:
[    0.718784] .... node  #0, CPUs:      #1
[    0.031885] kvm-clock: cpu 1, msr bce01041, secondary cpu clock
[    0.721248] kvm-guest: setup async PF for cpu 1
[    0.721771] kvm-guest: stealtime: cpu 1, msr 13bd2b080
[    0.730879] smp: Brought up 1 node, 2 CPUs
[    0.731790] smpboot: Max logical packages: 1
[    0.732780] smpboot: Total of 2 processors activated (7968.02 BogoMIPS)
[    0.735286] devtmpfs: initialized
[    0.737025] x86/mm: Memory block size: 128MB
[    0.740958] clocksource: jiffies: mask: 0xffffffff max_cycles: 0xffffffff, max_idle_ns: 1911260446275000 ns
[    0.744795] futex hash table entries: 512 (order: 3, 32768 bytes, linear)
[    0.748000] pinctrl core: initialized pinctrl subsystem
[    0.750136] PM: RTC time: 11:23:23, date: 2026-04-24
[    0.753104] NET: Registered PF_NETLINK/PF_ROUTE protocol family
[    0.754918] DMA: preallocated 512 KiB GFP_KERNEL pool for atomic allocations
[    0.756788] DMA: preallocated 512 KiB GFP_KERNEL|GFP_DMA pool for atomic allocations
[    0.759791] DMA: preallocated 512 KiB GFP_KERNEL|GFP_DMA32 pool for atomic allocations
[    0.762807] audit: initializing netlink subsys (disabled)
[    0.764922] audit: type=2000 audit(1777029804.183:1): state=initialized audit_enabled=0 res=1
[    0.765920] thermal_sys: Registered thermal governor 'fair_share'
[    0.766775] thermal_sys: Registered thermal governor 'bang_bang'
[    0.767777] thermal_sys: Registered thermal governor 'step_wise'
[    0.768786] thermal_sys: Registered thermal governor 'user_space'
[    0.769837] cpuidle: using governor menu
[    0.772082] ACPI: bus type PCI registered
[    0.772779] acpiphp: ACPI Hot Plug PCI Controller Driver version: 0.5
[    0.774269] PCI: Using configuration type 1 for base access
[    0.777846] Kprobes globally optimized
[    0.778855] HugeTLB registered 1.00 GiB page size, pre-allocated 0 pages
[    0.779788] HugeTLB registered 2.00 MiB page size, pre-allocated 0 pages
[    0.986907] cryptd: max_cpu_qlen set to 1000
[    0.991785] alg: No test for 842 (842-generic)
[    0.992845] alg: No test for 842 (842-scomp)
[    1.003269] DRBG: Continuing without Jitter RNG
[    1.020910] raid6: skip pq benchmark and using algorithm avx2x4
[    1.021792] raid6: using avx2x2 recovery algorithm
[    1.022944] ACPI: Added _OSI(Module Device)
[    1.023778] ACPI: Added _OSI(Processor Device)
[    1.024792] ACPI: Added _OSI(3.0 _SCP Extensions)
[    1.025777] ACPI: Added _OSI(Processor Aggregator Device)
[    1.026777] ACPI: Added _OSI(Linux-Dell-Video)
[    1.027776] ACPI: Added _OSI(Linux-Lenovo-NV-HDMI-Audio)
[    1.028776] ACPI: Added _OSI(Linux-HPI-Hybrid-Graphics)
[    1.030808] ACPI: 1 ACPI AML tables successfully acquired and loaded
[    1.032973] ACPI: Interpreter enabled
[    1.033798] ACPI: PM: (supports S0 S3 S4 S5)
[    1.034788] ACPI: Using IOAPIC for interrupt routing
[    1.035806] PCI: Using host bridge windows from ACPI; if necessary, use "pci=nocrs" and report a bug
[    1.037019] ACPI: Enabled 2 GPEs in block 00 to 0F
[    1.042820] ACPI: PCI Root Bridge [PCI0] (domain 0000 [bus 00-ff])
[    1.043785] acpi PNP0A03:00: _OSC: OS supports [ASPM ClockPM Segments MSI EDR HPX-Type3]
[    1.044790] acpi PNP0A03:00: fail to add MMCONFIG information, can't access extended PCI configuration space under this bridge.
[    1.046601] acpiphp: Slot [2] registered
[    1.046893] acpiphp: Slot [3] registered
[    1.047899] acpiphp: Slot [4] registered
[    1.048871] acpiphp: Slot [5] registered
[    1.049849] acpiphp: Slot [6] registered
[    1.050904] acpiphp: Slot [7] registered
[    1.051866] acpiphp: Slot [8] registered
[    1.052832] acpiphp: Slot [9] registered
[    1.053814] acpiphp: Slot [10] registered
[    1.054852] acpiphp: Slot [11] registered
[    1.055849] acpiphp: Slot [12] registered
[    1.056852] acpiphp: Slot [13] registered
[    1.057829] acpiphp: Slot [14] registered
[    1.058831] acpiphp: Slot [15] registered
[    1.059822] acpiphp: Slot [16] registered
[    1.060853] acpiphp: Slot [17] registered
[    1.061869] acpiphp: Slot [18] registered
[    1.062896] acpiphp: Slot [19] registered
[    1.063904] acpiphp: Slot [20] registered
[    1.064881] acpiphp: Slot [21] registered
[    1.065839] acpiphp: Slot [22] registered
[    1.066828] acpiphp: Slot [23] registered
[    1.067897] acpiphp: Slot [24] registered
[    1.068819] acpiphp: Slot [25] registered
[    1.069883] acpiphp: Slot [26] registered
[    1.070845] acpiphp: Slot [27] registered
[    1.071863] acpiphp: Slot [28] registered
[    1.072859] acpiphp: Slot [29] registered
[    1.073903] acpiphp: Slot [30] registered
[    1.074861] acpiphp: Slot [31] registered
[    1.075885] PCI host bridge to bus 0000:00
[    1.076795] pci_bus 0000:00: root bus resource [io  0x0000-0x0cf7 window]
[    1.077794] pci_bus 0000:00: root bus resource [io  0x0d00-0xffff window]
[    1.078792] pci_bus 0000:00: root bus resource [mem 0x000a0000-0x000bffff window]
[    1.079785] pci_bus 0000:00: root bus resource [mem 0xc0000000-0xfebfffff window]
[    1.080798] pci_bus 0000:00: root bus resource [mem 0x7000000000-0x707fffffff window]
[    1.081784] pci_bus 0000:00: root bus resource [bus 00-ff]
[    1.083184] pci 0000:00:00.0: [8086:1237] type 00 class 0x060000
[    1.085815] pci 0000:00:01.0: [8086:7000] type 00 class 0x060100
[    1.089522] pci 0000:00:01.1: [8086:7010] type 00 class 0x010180
[    1.094242] pci 0000:00:01.1: reg 0x20: [io  0xc100-0xc10f]
[    1.096286] pci 0000:00:01.1: legacy IDE quirk: reg 0x10: [io  0x01f0-0x01f7]
[    1.096777] pci 0000:00:01.1: legacy IDE quirk: reg 0x14: [io  0x03f6]
[    1.097777] pci 0000:00:01.1: legacy IDE quirk: reg 0x18: [io  0x0170-0x0177]
[    1.098780] pci 0000:00:01.1: legacy IDE quirk: reg 0x1c: [io  0x0376]
[    1.100375] pci 0000:00:01.3: [8086:7113] type 00 class 0x068000
[    1.102100] pci 0000:00:01.3: quirk: [io  0x0600-0x063f] claimed by PIIX4 ACPI
[    1.102832] pci 0000:00:01.3: quirk: [io  0x0700-0x070f] claimed by PIIX4 SMB
[    1.105120] pci 0000:00:02.0: [1af4:1003] type 00 class 0x078000
[    1.107786] pci 0000:00:02.0: reg 0x10: [io  0xc000-0xc03f]
[    1.110783] pci 0000:00:02.0: reg 0x14: [mem 0xfebfc000-0xfebfcfff]
[    1.116778] pci 0000:00:02.0: reg 0x20: [mem 0x7000000000-0x7000003fff 64bit pref]
[    1.121009] pci 0000:00:03.0: [1af4:1003] type 00 class 0x078000
[    1.123330] pci 0000:00:03.0: reg 0x10: [io  0xc040-0xc07f]
[    1.124778] pci 0000:00:03.0: reg 0x14: [mem 0xfebfd000-0xfebfdfff]
[    1.129781] pci 0000:00:03.0: reg 0x20: [mem 0x7000004000-0x7000007fff 64bit pref]
[    1.137823] pci 0000:00:04.0: [1af4:1009] type 00 class 0x000200
[    1.140385] pci 0000:00:04.0: reg 0x10: [io  0xc080-0xc0bf]
[    1.141778] pci 0000:00:04.0: reg 0x14: [mem 0xfebfe000-0xfebfefff]
[    1.148602] pci 0000:00:04.0: reg 0x20: [mem 0x7000008000-0x700000bfff 64bit pref]
[    1.152275] pci 0000:00:05.0: [1af4:1009] type 00 class 0x000200
[    1.153798] pci 0000:00:05.0: reg 0x10: [io  0xc0c0-0xc0ff]
[    1.155732] pci 0000:00:05.0: reg 0x14: [mem 0xfebff000-0xfebfffff]
[    1.158777] pci 0000:00:05.0: reg 0x20: [mem 0x700000c000-0x700000ffff 64bit pref]
[    1.163045] ACPI: PCI: Interrupt link LNKA configured for IRQ 10
[    1.163978] ACPI: PCI: Interrupt link LNKB configured for IRQ 10
[    1.165178] ACPI: PCI: Interrupt link LNKC configured for IRQ 11
[    1.166015] ACPI: PCI: Interrupt link LNKD configured for IRQ 11
[    1.166977] ACPI: PCI: Interrupt link LNKS configured for IRQ 9
[    1.168254] iommu: Default domain type: Translated
[    1.169778] iommu: DMA domain TLB invalidation policy: lazy mode
[    1.172795] vgaarb: loaded
[    1.173950] SCSI subsystem initialized
[    1.175952] ACPI: bus type USB registered
[    1.176812] usbcore: registered new interface driver usbfs
[    1.177788] usbcore: registered new interface driver hub
[    1.178795] usbcore: registered new device driver usb
[    1.179846] pps_core: LinuxPPS API ver. 1 registered
[    1.180777] pps_core: Software ver. 5.3.6 - Copyright 2005-2007 Rodolfo Giometti <giometti@linux.it>
[    1.181784] PTP clock support registered
[    1.182836] EDAC MC: Ver: 3.0.0
[    1.185230] NetLabel: Initializing
[    1.185778] NetLabel:  domain hash size = 128
[    1.186778] NetLabel:  protocols = UNLABELED CIPSOv4 CALIPSO
[    1.187814] NetLabel:  unlabeled traffic allowed by default
[    1.188787] PCI: Using ACPI for IRQ routing
[    1.190219] hpet0: at MMIO 0xfed00000, IRQs 2, 8, 0
[    1.191780] hpet0: 3 comparators, 64-bit 100.000000 MHz counter
[    1.196913] clocksource: Switched to clocksource kvm-clock
[    1.233342] VFS: Disk quotas dquot_6.6.0
[    1.235395] VFS: Dquot-cache hash table entries: 512 (order 0, 4096 bytes)
[    1.238858] pnp: PnP ACPI init
[    1.240959] pnp: PnP ACPI: found 5 devices
[    1.251562] clocksource: acpi_pm: mask: 0xffffff max_cycles: 0xffffff, max_idle_ns: 2085701024 ns
[    1.256232] NET: Registered PF_INET protocol family
[    1.259932] IP idents hash table entries: 65536 (order: 7, 524288 bytes, linear)
[    1.266654] tcp_listen_portaddr_hash hash table entries: 2048 (order: 3, 32768 bytes, linear)
[    1.271271] TCP established hash table entries: 32768 (order: 6, 262144 bytes, linear)
[    1.276656] TCP bind hash table entries: 32768 (order: 7, 524288 bytes, linear)
[    1.280353] TCP: Hash tables configured (established 32768 bind 32768)
[    1.282910] MPTCP token hash table entries: 4096 (order: 4, 98304 bytes, linear)
[    1.285291] UDP hash table entries: 2048 (order: 4, 65536 bytes, linear)
[    1.287393] UDP-Lite hash table entries: 2048 (order: 4, 65536 bytes, linear)
[    1.290115] NET: Registered PF_UNIX/PF_LOCAL protocol family
[    1.292363] NET: Registered PF_XDP protocol family
[    1.294377] pci_bus 0000:00: resource 4 [io  0x0000-0x0cf7 window]
[    1.297690] pci_bus 0000:00: resource 5 [io  0x0d00-0xffff window]
[    1.301825] pci_bus 0000:00: resource 6 [mem 0x000a0000-0x000bffff window]
[    1.306205] pci_bus 0000:00: resource 7 [mem 0xc0000000-0xfebfffff window]
[    1.310914] pci_bus 0000:00: resource 8 [mem 0x7000000000-0x707fffffff window]
[    1.315079] pci 0000:00:01.0: PIIX3: Enabling Passive Release
[    1.318224] pci 0000:00:00.0: Limiting direct PCI/PCI transfers
[    1.320743] pci 0000:00:01.0: Activating ISA DMA hang workarounds
[    1.323980] PCI: CLS 0 bytes, default 64
[    1.325816] PCI-DMA: Using software bounce buffering for IO (SWIOTLB)
[    1.328498] software IO TLB: mapped [mem 0x00000000b6000000-0x00000000ba000000] (64MB)
[    1.331702] clocksource: tsc: mask: 0xffffffffffffffff max_cycles: 0x396d5b41a85, max_idle_ns: 881590480540 ns
[    1.335825] sgx: There are zero EPC sections.
[    1.341891] Initialise system trusted keyrings
[    1.344117] Key type blacklist registered
[    1.346160] workingset: timestamp_bits=36 max_order=20 bucket_order=0
[    1.351110] zbud: loaded
[    1.353303] fuse: init (API version 7.34)
[    1.355238] 9p: Installing v9fs 9p2000 file system support
[    1.358024] integrity: Platform Keyring initialized
[    1.369701] NET: Registered PF_ALG protocol family
[    1.371939] xor: automatically using best checksumming function   avx
[    1.374330] Key type asymmetric registered
[    1.376354] Asymmetric key parser 'x509' registered
[    1.378855] Block layer SCSI generic (bsg) driver version 0.4 loaded (major 244)
[    1.383859] io scheduler mq-deadline registered
[    1.386854] io scheduler kyber registered
[    1.389700] io scheduler bfq registered
[    1.392639] atomic64_test: passed for x86-64 platform with CX8 and with SSE
[    1.396856] shpchp: Standard Hot Plug PCI Controller Driver version: 0.4
[    1.399446] input: Power Button as /devices/LNXSYSTM:00/LNXPWRBN:00/input/input0
[    1.402701] ACPI: button: Power Button [PWRF]
[    1.443855] ACPI: \_SB_.LNKB: Enabled at IRQ 10
[    1.486820] ACPI: \_SB_.LNKC: Enabled at IRQ 11
[    1.518855] ACPI: \_SB_.LNKD: Enabled at IRQ 11
[    1.564690] ACPI: \_SB_.LNKA: Enabled at IRQ 10
[    1.570413] Serial: 8250/16550 driver, 32 ports, IRQ sharing enabled
[    1.573588] 00:03: ttyS0 at I/O 0x3f8 (irq = 4, base_baud = 115200) is a 16550A
[    1.658791] Non-volatile memory driver v1.3
[    1.660873] Linux agpgart interface v0.103
[    1.666589] scsi host0: ata_piix
[    1.669427] scsi host1: ata_piix
[    1.671821] ata1: PATA max MWDMA2 cmd 0x1f0 ctl 0x3f6 bmdma 0xc100 irq 14
[    1.675282] ata2: PATA max MWDMA2 cmd 0x170 ctl 0x376 bmdma 0xc108 irq 15
[    1.678965] libphy: Fixed MDIO Bus: probed
[    1.681736] ehci_hcd: USB 2.0 'Enhanced' Host Controller (EHCI) Driver
[    1.684536] ehci-pci: EHCI PCI platform driver
[    1.686443] ohci_hcd: USB 1.1 'Open' Host Controller (OHCI) Driver
[    1.689348] ohci-pci: OHCI PCI platform driver
[    1.691253] uhci_hcd: USB Universal Host Controller Interface driver
[    1.695241] usbcore: registered new interface driver usbserial_generic
[    1.699285] usbserial: USB Serial support registered for generic
[    1.702582] i8042: PNP: PS/2 Controller [PNP0303:KBD,PNP0f13:MOU] at 0x60,0x64 irq 1,12
[    1.708096] serio: i8042 KBD port at 0x60,0x64 irq 1
[    1.710329] serio: i8042 AUX port at 0x60,0x64 irq 12
[    1.713216] mousedev: PS/2 mouse device common for all mice
[    1.718026] input: AT Translated Set 2 keyboard as /devices/platform/i8042/serio0/input/input1
[    1.723938] rtc_cmos 00:04: RTC can wake from S4
[    1.729816] input: VirtualPS/2 VMware VMMouse as /devices/platform/i8042/serio1/input/input4
[    1.730273] rtc_cmos 00:04: registered as rtc0
[    1.737438] rtc_cmos 00:04: setting system clock to 2026-04-24T11:23:24 UTC (1777029804)
[    1.741609] rtc_cmos 00:04: alarms up to one day, y3k, 242 bytes nvram, hpet irqs
[    1.745537] device-mapper: core: CONFIG_IMA_DISABLE_HTABLE is disabled. Duplicate IMA measurements will not be recorded in the IMA log.
[    1.751934] device-mapper: uevent: version 1.0.3
[    1.751998] input: VirtualPS/2 VMware VMMouse as /devices/platform/i8042/serio1/input/input3
[    1.754582] device-mapper: ioctl: 4.45.0-ioctl (2021-03-22) initialised: dm-devel@redhat.com
[    1.762854] intel_pstate: CPU model not supported
[    1.765092] hid: raw HID events driver (C) Jiri Kosina
[    1.767401] usbcore: registered new interface driver usbhid
[    1.769806] usbhid: USB HID core driver
[    1.771907] intel_pmc_core intel_pmc_core.0:  initialized
[    1.776031] drop_monitor: Initializing network drop monitor service
[    1.779973] Initializing XFRM netlink socket
[    1.782844] NET: Registered PF_INET6 protocol family
[    1.788278] Segment Routing with IPv6
[    1.790237] RPL Segment Routing with IPv6
[    1.792462] In-situ OAM (IOAM) with IPv6
[    1.794552] mip6: Mobile IPv6
[    1.796131] NET: Registered PF_PACKET protocol family
[    1.798914] 9pnet: Installing 9P2000 support
[    1.806060] mctp: management component transport protocol core
[    1.809958] NET: Registered PF_MCTP protocol family
[    1.813843] IPI shorthand broadcast: enabled
[    1.816231] AVX2 version of gcm_enc/dec engaged.
[    1.818930] AES CTR mode by8 optimization enabled
[    1.834870] sched_clock: Marking stable (1803969204, 30885658)->(2135070942, -300216080)
[    1.839935] registered taskstats version 1
[    1.842609] Loading compiled-in X.509 certificates
[    1.846612] Loaded X.509 cert 'Build time autogenerated kernel key: 310b4c07ef4de7ff9af500f8803586f97620a9fd'
[    1.851375] zswap: loaded using pool lzo/zbud
[    1.853980] page_owner is disabled
[    1.856030] Key type ._fscrypt registered
[    1.858433] Key type .fscrypt registered
[    1.860786] Key type fscrypt-provisioning registered
[    1.864755] Btrfs loaded, crc32c=crc32c-generic, zoned=yes, fsverity=yes
[    1.867994] Key type big_key registered
[    1.870696] Key type encrypted registered
[    1.872506] ima: No TPM chip found, activating TPM-bypass!
[    1.874906] Loading compiled-in module X.509 certificates
[    1.878019] Loaded X.509 cert 'Build time autogenerated kernel key: 310b4c07ef4de7ff9af500f8803586f97620a9fd'
[    1.881996] ima: Allocated hash algorithm: sha256
[    1.883972] ima: No architecture policies found
[    1.886046] evm: Initialising EVM extended attributes:
[    1.888647] evm: security.selinux
[    1.890048] evm: security.SMACK64 (disabled)
[    1.891887] evm: security.SMACK64EXEC (disabled)
[    1.893902] evm: security.SMACK64TRANSMUTE (disabled)
[    1.896918] evm: security.SMACK64MMAP (disabled)
[    1.899580] evm: security.apparmor (disabled)
[    1.902158] evm: security.ima
[    1.903913] evm: security.capability
[    1.905906] evm: HMAC attrs: 0x1
[    1.907944] PM:   Magic number: 6:779:378
[    1.909959] RAS: Correctable Errors collector initialized.
[    1.913178] md: Skipping autodetection of RAID arrays. (raid=autodetect will force)
[    1.917841] VFS: Mounted root (9p filesystem) on device 0:22.
[    1.921116] devtmpfs: mounted
[    1.924177] Freeing unused decrypted memory: 2036K
[    1.927247] Freeing unused kernel image (initmem) memory: 2936K
[    1.935913] Write protecting the kernel read-only data: 30720k
[    1.941196] Freeing unused kernel image (text/rodata gap) memory: 2036K
[    1.946063] Freeing unused kernel image (rodata/data gap) memory: 160K
[    2.035974] x86/mm: Checked W+X mappings: passed, no W+X pages found.
[    2.039273] rodata_test: all tests were successful
[    2.041547] x86/mm: Checking user space page tables
[    2.126558] x86/mm: Checked W+X mappings: passed, no W+X pages found.
[    2.129987] Run /tmp/vmtest-initprdyA.sh as init process
[    2.183422] random: fast init done
[    2.623040] vmtest: Mounting tmpfs at /dev/shm
[    2.913635] vmtest: Mounting tmpfs at /run
[    3.120675] vmtest: Mounting sysfs at /sys
[    3.223178] vmtest: Mounting debugfs at /sys/kernel/debug
[    3.318327] vmtest: Mounting tracefs at /sys/kernel/debug/tracing
[    3.432466] vmtest: Mounting cgroup2 at /sys/fs/cgroup
[    3.519711] vmtest: Mounting tmpfs at /mnt
[    3.624768] vmtest: Symlink /dev/fd to /proc/self/fd
[    3.647903] vmtest: Init done
[    3.829909] vmtest: Located qemu-guest-agent virtio port: /dev/vport0p1
[    3.834511] vmtest: Spawning qemu-ga in the background
===> Setting up VM
===> Running command
[?2004hroot@(none):/#
make[1]: Leaving directory '/home/ed/iomoments'

=== kernel: /home/ed/kernel-images/vmlinuz-v6.1 ===
make[1]: Entering directory '/home/ed/iomoments'
vmtest load build/iomoments.bpf.o against /home/ed/kernel-images/vmlinuz-v6.1
=> vmlinuz-v6.1
===> Booting
Probing EDD (edd=off to disable)... ok
[    0.000000] Linux version 6.1.0 (root@26a6f24d4d77) (gcc (Alpine 12.2.1_git20220924-r10) 12.2.1 20220924, GNU ld (GNU Binutils) 2.40) #1 SMP PREEMPT_DYNAMIC Fri Apr 24 09:51:44 UTC 2026
[    0.000000] Command line: rootfstype=9p rootflags=trans=virtio,cache=mmap,msize=1048576 rw earlyprintk=serial,0,115200 printk.devkmsg=on console=0,115200 loglevel=7 raid=noautodetect init=/tmp/vmtest-initrzFKE.sh panic=-1
[    0.000000] x86/fpu: Supporting XSAVE feature 0x001: 'x87 floating point registers'
[    0.000000] x86/fpu: Supporting XSAVE feature 0x002: 'SSE registers'
[    0.000000] x86/fpu: Supporting XSAVE feature 0x004: 'AVX registers'
[    0.000000] x86/fpu: Supporting XSAVE feature 0x008: 'MPX bounds registers'
[    0.000000] x86/fpu: Supporting XSAVE feature 0x010: 'MPX CSR'
[    0.000000] x86/fpu: xstate_offset[2]:  576, xstate_sizes[2]:  256
[    0.000000] x86/fpu: xstate_offset[3]:  832, xstate_sizes[3]:   64
[    0.000000] x86/fpu: xstate_offset[4]:  896, xstate_sizes[4]:   64
[    0.000000] x86/fpu: Enabled xstate features 0x1f, context size is 960 bytes, using 'compacted' format.
[    0.000000] signal: max sigframe size: 2032
[    0.000000] BIOS-provided physical RAM map:
[    0.000000] BIOS-e820: [mem 0x0000000000000000-0x000000000009fbff] usable
[    0.000000] BIOS-e820: [mem 0x000000000009fc00-0x000000000009ffff] reserved
[    0.000000] BIOS-e820: [mem 0x00000000000f0000-0x00000000000fffff] reserved
[    0.000000] BIOS-e820: [mem 0x0000000000100000-0x00000000bffdffff] usable
[    0.000000] BIOS-e820: [mem 0x00000000bffe0000-0x00000000bfffffff] reserved
[    0.000000] BIOS-e820: [mem 0x00000000feffc000-0x00000000feffffff] reserved
[    0.000000] BIOS-e820: [mem 0x00000000fffc0000-0x00000000ffffffff] reserved
[    0.000000] BIOS-e820: [mem 0x0000000100000000-0x000000013fffffff] usable
[    0.000000] printk: bootconsole [earlyser0] enabled
[    0.000000] NX (Execute Disable) protection: active
[    0.000000] SMBIOS 3.0.0 present.
[    0.000000] DMI: QEMU Ubuntu 24.04 PC v2 (i440FX + PIIX, arch_caps fix, 1996), BIOS 1.16.3-debian-1.16.3-2 04/01/2014
[    0.000000] Hypervisor detected: KVM
[    0.000000] kvm-clock: Using msrs 4b564d01 and 4b564d00
[    0.000003] kvm-clock: using sched offset of 432667339 cycles
[    0.001672] clocksource: kvm-clock: mask: 0xffffffffffffffff max_cycles: 0x1cd42e4dffb, max_idle_ns: 881590591483 ns
[    0.006849] tsc: Detected 1992.005 MHz processor
[    0.008817] last_pfn = 0x140000 max_arch_pfn = 0x400000000
[    0.010587] x86/PAT: Configuration [0-7]: WB  WC  UC- UC  WB  WP  UC- WT
Memory KASLR using RDRAND RDTSC...
[    0.015498] last_pfn = 0xbffe0 max_arch_pfn = 0x400000000
[    0.029555] found SMP MP-table at [mem 0x000f5460-0x000f546f]
[    0.031396] Using GB pages for direct mapping
[    0.033039] ACPI: Early table checksum verification disabled
[    0.035014] ACPI: RSDP 0x00000000000F5250 000014 (v00 BOCHS )
[    0.037631] ACPI: RSDT 0x00000000BFFE1C96 000034 (v01 BOCHS  BXPC     00000001 BXPC 00000001)
[    0.041288] ACPI: FACP 0x00000000BFFE1B42 000074 (v01 BOCHS  BXPC     00000001 BXPC 00000001)
[    0.046630] ACPI: DSDT 0x00000000BFFE0040 001B02 (v01 BOCHS  BXPC     00000001 BXPC 00000001)
[    0.051878] ACPI: FACS 0x00000000BFFE0000 000040
[    0.055142] ACPI: APIC 0x00000000BFFE1BB6 000080 (v03 BOCHS  BXPC     00000001 BXPC 00000001)
[    0.059569] ACPI: HPET 0x00000000BFFE1C36 000038 (v01 BOCHS  BXPC     00000001 BXPC 00000001)
[    0.063072] ACPI: WAET 0x00000000BFFE1C6E 000028 (v01 BOCHS  BXPC     00000001 BXPC 00000001)
[    0.067130] ACPI: Reserving FACP table memory at [mem 0xbffe1b42-0xbffe1bb5]
[    0.071667] ACPI: Reserving DSDT table memory at [mem 0xbffe0040-0xbffe1b41]
[    0.075351] ACPI: Reserving FACS table memory at [mem 0xbffe0000-0xbffe003f]
[    0.078342] ACPI: Reserving APIC table memory at [mem 0xbffe1bb6-0xbffe1c35]
[    0.081975] ACPI: Reserving HPET table memory at [mem 0xbffe1c36-0xbffe1c6d]
[    0.085978] ACPI: Reserving WAET table memory at [mem 0xbffe1c6e-0xbffe1c95]
[    0.091078] No NUMA configuration found
[    0.093027] Faking a node at [mem 0x0000000000000000-0x000000013fffffff]
[    0.095918] NODE_DATA(0) allocated [mem 0x13ffd3000-0x13fffdfff]
[    0.175592] Zone ranges:
[    0.176793]   DMA      [mem 0x0000000000001000-0x0000000000ffffff]
[    0.179272]   DMA32    [mem 0x0000000001000000-0x00000000ffffffff]
[    0.182229]   Normal   [mem 0x0000000100000000-0x000000013fffffff]
[    0.184586]   Device   empty
[    0.185482] Movable zone start for each node
[    0.186933] Early memory node ranges
[    0.188466]   node   0: [mem 0x0000000000001000-0x000000000009efff]
[    0.191674]   node   0: [mem 0x0000000000100000-0x00000000bffdffff]
[    0.195891]   node   0: [mem 0x0000000100000000-0x000000013fffffff]
[    0.199635] Initmem setup node 0 [mem 0x0000000000001000-0x000000013fffffff]
[    0.202995] On node 0, zone DMA: 1 pages in unavailable ranges
[    0.203079] On node 0, zone DMA: 97 pages in unavailable ranges
[    0.213345] On node 0, zone Normal: 32 pages in unavailable ranges
[    0.218857] ACPI: PM-Timer IO Port: 0x608
[    0.222758] ACPI: LAPIC_NMI (acpi_id[0xff] dfl dfl lint[0x1])
[    0.225383] IOAPIC[0]: apic_id 0, version 17, address 0xfec00000, GSI 0-23
[    0.228072] ACPI: INT_SRC_OVR (bus 0 bus_irq 0 global_irq 2 dfl dfl)
[    0.231217] ACPI: INT_SRC_OVR (bus 0 bus_irq 5 global_irq 5 high level)
[    0.234585] ACPI: INT_SRC_OVR (bus 0 bus_irq 9 global_irq 9 high level)
[    0.237400] ACPI: INT_SRC_OVR (bus 0 bus_irq 10 global_irq 10 high level)
[    0.239839] ACPI: INT_SRC_OVR (bus 0 bus_irq 11 global_irq 11 high level)
[    0.242103] ACPI: Using ACPI (MADT) for SMP configuration information
[    0.244297] ACPI: HPET id: 0x8086a201 base: 0xfed00000
[    0.246055] TSC deadline timer available
[    0.247371] smpboot: Allowing 2 CPUs, 0 hotplug CPUs
[    0.249186] kvm-guest: KVM setup pv remote TLB flush
[    0.250816] kvm-guest: setup PV sched yield
[    0.252272] PM: hibernation: Registered nosave memory: [mem 0x00000000-0x00000fff]
[    0.255614] PM: hibernation: Registered nosave memory: [mem 0x0009f000-0x0009ffff]
[    0.260168] PM: hibernation: Registered nosave memory: [mem 0x000a0000-0x000effff]
[    0.265075] PM: hibernation: Registered nosave memory: [mem 0x000f0000-0x000fffff]
[    0.269463] PM: hibernation: Registered nosave memory: [mem 0xbffe0000-0xbfffffff]
[    0.273946] PM: hibernation: Registered nosave memory: [mem 0xc0000000-0xfeffbfff]
[    0.277540] PM: hibernation: Registered nosave memory: [mem 0xfeffc000-0xfeffffff]
[    0.280735] PM: hibernation: Registered nosave memory: [mem 0xff000000-0xfffbffff]
[    0.284106] PM: hibernation: Registered nosave memory: [mem 0xfffc0000-0xffffffff]
[    0.288326] [mem 0xc0000000-0xfeffbfff] available for PCI devices
[    0.292237] Booting paravirtualized kernel on KVM
[    0.295213] clocksource: refined-jiffies: mask: 0xffffffff max_cycles: 0xffffffff, max_idle_ns: 1910969940391419 ns
[    0.314019] setup_percpu: NR_CPUS:8192 nr_cpumask_bits:2 nr_cpu_ids:2 nr_node_ids:1
[    0.320499] percpu: Embedded 62 pages/cpu s217088 r8192 d28672 u1048576
[    0.323435] kvm-guest: PV spinlocks enabled
[    0.325124] PV qspinlock hash table entries: 256 (order: 0, 4096 bytes, linear)
[    0.328055] Fallback order for Node 0: 0
[    0.329609] Built 1 zonelists, mobility grouping on.  Total pages: 1031904
[    0.332673] Policy zone: Normal
[    0.334054] Kernel command line: rootfstype=9p rootflags=trans=virtio,cache=mmap,msize=1048576 rw earlyprintk=serial,0,115200 printk.devkmsg=on console=0,115200 loglevel=7 raid=noautodetect init=/tmp/vmtest-initrzFKE.sh panic=-1
[    0.342500] random: crng init done
[    0.348649] Dentry cache hash table entries: 524288 (order: 10, 4194304 bytes, linear)
[    0.354114] Inode-cache hash table entries: 262144 (order: 9, 2097152 bytes, linear)
[    0.358918] mem auto-init: stack:all(zero), heap alloc:off, heap free:off
[    0.361769] software IO TLB: area num 2.
[    0.456352] Memory: 4000844K/4193784K available (18441K kernel code, 3286K rwdata, 12616K rodata, 3044K init, 4588K bss, 192680K reserved, 0K cma-reserved)
[    0.461684] SLUB: HWalign=64, Order=0-3, MinObjects=0, CPUs=2, Nodes=1
[    0.464963] Kernel/User page tables isolation: enabled
[    0.467079] ftrace: allocating 51698 entries in 202 pages
[    0.479617] ftrace: allocated 202 pages with 4 groups
[    0.482759] Dynamic Preempt: voluntary
[    0.483774] rcu: Preemptible hierarchical RCU implementation.
[    0.485422] rcu: 	RCU restricting CPUs from NR_CPUS=8192 to nr_cpu_ids=2.
[    0.487526] 	Trampoline variant of Tasks RCU enabled.
[    0.489293] 	Rude variant of Tasks RCU enabled.
[    0.490847] 	Tracing variant of Tasks RCU enabled.
[    0.492482] rcu: RCU calculated value of scheduler-enlistment delay is 100 jiffies.
[    0.495388] rcu: Adjusting geometry for rcu_fanout_leaf=16, nr_cpu_ids=2
[    0.510012] NR_IRQS: 524544, nr_irqs: 440, preallocated irqs: 16
[    0.513865] rcu: srcu_init: Setting srcu_struct sizes based on contention.
[    0.517932] kfence: initialized - using 2097152 bytes for 255 objects at 0x(____ptrval____)-0x(____ptrval____)
[    0.522448] Console: colour *CGA 80x25
[    0.524355] printk: console [ttyS0] enabled
[    0.524355] printk: console [ttyS0] enabled
[    0.529389] printk: bootconsole [earlyser0] disabled
[    0.529389] printk: bootconsole [earlyser0] disabled
[    0.535051] ACPI: Core revision 20220331
[    0.537292] clocksource: hpet: mask: 0xffffffff max_cycles: 0xffffffff, max_idle_ns: 19112604467 ns
[    0.540761] APIC: Switch to symmetric I/O mode setup
[    0.543245] x2apic enabled
[    0.544989] Switched APIC routing to physical x2apic.
[    0.547235] kvm-guest: setup PV IPIs
[    0.550358] ..TIMER: vector=0x30 apic1=0 pin1=2 apic2=-1 pin2=-1
[    0.552526] clocksource: tsc-early: mask: 0xffffffffffffffff max_cycles: 0x396d5b41a85, max_idle_ns: 881590480540 ns
[    0.557226] Calibrating delay loop (skipped) preset value.. 3984.01 BogoMIPS (lpj=1992005)
[    0.558231] pid_max: default: 32768 minimum: 301
[    0.559338] LSM: Security Framework initializing
[    0.560277] Yama: becoming mindful.
[    0.561237] SELinux:  Initializing.
[    0.562321] LSM support for eBPF active
[    0.563226] landlock: Up and running.
[    0.564362] Mount-cache hash table entries: 8192 (order: 4, 65536 bytes, linear)
[    0.565347] Mountpoint-cache hash table entries: 8192 (order: 4, 65536 bytes, linear)
Poking KASLR using RDRAND RDTSC...
[    0.569486] x86/cpu: User Mode Instruction Prevention (UMIP) activated
[    0.570426] Last level iTLB entries: 4KB 0, 2MB 0, 4MB 0
[    0.571221] Last level dTLB entries: 4KB 0, 2MB 0, 4MB 0, 1GB 0
[    0.572235] Spectre V1 : Mitigation: usercopy/swapgs barriers and __user pointer sanitization
[    0.573229] Spectre V2 : Mitigation: IBRS
[    0.574221] Spectre V2 : Spectre v2 / SpectreRSB mitigation: Filling RSB on context switch
[    0.575234] Spectre V2 : Spectre v2 / SpectreRSB : Filling RSB on VMEXIT
[    0.576222] RETBleed: Mitigation: IBRS
[    0.578226] Spectre V2 : mitigation: Enabling conditional Indirect Branch Prediction Barrier
[    0.579222] Speculative Store Bypass: Mitigation: Speculative Store Bypass disabled via prctl
[    0.580233] MDS: Mitigation: Clear CPU buffers
[    0.581221] MMIO Stale Data: Mitigation: Clear CPU buffers
[    0.582222] SRBDS: Unknown: Dependent on hypervisor status
[    0.609678] Freeing SMP alternatives memory: 44K
[    0.610716] smpboot: CPU0: Intel(R) Core(TM) i7-8550U CPU @ 1.80GHz (family: 0x6, model: 0x8e, stepping: 0xa)
[    0.611829] cblist_init_generic: Setting adjustable number of callback queues.
[    0.612240] cblist_init_generic: Setting shift to 1 and lim to 1.
[    0.613391] cblist_init_generic: Setting shift to 1 and lim to 1.
[    0.614367] cblist_init_generic: Setting shift to 1 and lim to 1.
[    0.615428] Performance Events: Skylake events, full-width counters, Intel PMU driver.
[    0.616258] ... version:                2
[    0.617237] ... bit width:              48
[    0.618227] ... generic registers:      4
[    0.619227] ... value mask:             0000ffffffffffff
[    0.620226] ... max period:             00007fffffffffff
[    0.621227] ... fixed-purpose events:   3
[    0.622229] ... event mask:             000000070000000f
[    0.623797] rcu: Hierarchical SRCU implementation.
[    0.624225] rcu: 	Max phase no-delay instances is 400.
[    0.626467] smp: Bringing up secondary CPUs ...
[    0.627795] x86: Booting SMP configuration:
[    0.628241] .... node  #0, CPUs:      #1
[    0.628947] smp: Brought up 1 node, 2 CPUs
[    0.630229] smpboot: Max logical packages: 1
[    0.631228] smpboot: Total of 2 processors activated (7968.02 BogoMIPS)
[    0.633493] devtmpfs: initialized
[    0.634383] x86/mm: Memory block size: 128MB
[    0.637439] clocksource: jiffies: mask: 0xffffffff max_cycles: 0xffffffff, max_idle_ns: 1911260446275000 ns
[    0.638230] futex hash table entries: 512 (order: 3, 32768 bytes, linear)
[    0.639356] pinctrl core: initialized pinctrl subsystem
[    0.640628] PM: RTC time: 11:23:31, date: 2026-04-24
[    0.644110] NET: Registered PF_NETLINK/PF_ROUTE protocol family
[    0.644480] DMA: preallocated 512 KiB GFP_KERNEL pool for atomic allocations
[    0.645240] DMA: preallocated 512 KiB GFP_KERNEL|GFP_DMA pool for atomic allocations
[    0.646238] DMA: preallocated 512 KiB GFP_KERNEL|GFP_DMA32 pool for atomic allocations
[    0.647263] audit: initializing netlink subsys (disabled)
[    0.648371] audit: type=2000 audit(1777029811.204:1): state=initialized audit_enabled=0 res=1
[    0.648376] thermal_sys: Registered thermal governor 'fair_share'
[    0.649228] thermal_sys: Registered thermal governor 'bang_bang'
[    0.650222] thermal_sys: Registered thermal governor 'step_wise'
[    0.651223] thermal_sys: Registered thermal governor 'user_space'
[    0.652268] cpuidle: using governor menu
[    0.654573] acpiphp: ACPI Hot Plug PCI Controller Driver version: 0.5
[    0.655738] PCI: Using configuration type 1 for base access
[    0.660380] kprobes: kprobe jump-optimization is enabled. All kprobes are optimized if possible.
[    0.688703] HugeTLB: registered 1.00 GiB page size, pre-allocated 0 pages
[    0.691229] HugeTLB: 16380 KiB vmemmap can be freed for a 1.00 GiB page
[    0.694228] HugeTLB: registered 2.00 MiB page size, pre-allocated 0 pages
[    0.697225] HugeTLB: 28 KiB vmemmap can be freed for a 2.00 MiB page
[    0.702106] cryptd: max_cpu_qlen set to 1000
[    0.704983] raid6: skipped pq benchmark and selected avx2x4
[    0.707226] raid6: using avx2x2 recovery algorithm
[    0.708426] ACPI: Added _OSI(Module Device)
[    0.710223] ACPI: Added _OSI(Processor Device)
[    0.711223] ACPI: Added _OSI(3.0 _SCP Extensions)
[    0.713230] ACPI: Added _OSI(Processor Aggregator Device)
[    0.717569] ACPI: 1 ACPI AML tables successfully acquired and loaded
[    0.721411] ACPI: Interpreter enabled
[    0.723247] ACPI: PM: (supports S0 S3 S4 S5)
[    0.724224] ACPI: Using IOAPIC for interrupt routing
[    0.726248] PCI: Using host bridge windows from ACPI; if necessary, use "pci=nocrs" and report a bug
[    0.729224] PCI: Using E820 reservations for host bridge windows
[    0.732407] ACPI: Enabled 2 GPEs in block 00 to 0F
[    0.736518] ACPI: PCI Root Bridge [PCI0] (domain 0000 [bus 00-ff])
[    0.738229] acpi PNP0A03:00: _OSC: OS supports [ASPM ClockPM Segments MSI EDR HPX-Type3]
[    0.742227] acpi PNP0A03:00: _OSC: not requesting OS control; OS requires [ExtendedConfig ASPM ClockPM MSI]
[    0.746268] acpi PNP0A03:00: fail to add MMCONFIG information, can't access extended PCI configuration space under this bridge.
[    0.753336] acpiphp: Slot [2] registered
[    0.756321] acpiphp: Slot [3] registered
[    0.758406] acpiphp: Slot [4] registered
[    0.761419] acpiphp: Slot [5] registered
[    0.763271] acpiphp: Slot [6] registered
[    0.766304] acpiphp: Slot [7] registered
[    0.768316] acpiphp: Slot [8] registered
[    0.771374] acpiphp: Slot [9] registered
[    0.773273] acpiphp: Slot [10] registered
[    0.774295] acpiphp: Slot [11] registered
[    0.776279] acpiphp: Slot [12] registered
[    0.777282] acpiphp: Slot [13] registered
[    0.779257] acpiphp: Slot [14] registered
[    0.780257] acpiphp: Slot [15] registered
[    0.781265] acpiphp: Slot [16] registered
[    0.783276] acpiphp: Slot [17] registered
[    0.785296] acpiphp: Slot [18] registered
[    0.786270] acpiphp: Slot [19] registered
[    0.788304] acpiphp: Slot [20] registered
[    0.790268] acpiphp: Slot [21] registered
[    0.791266] acpiphp: Slot [22] registered
[    0.793302] acpiphp: Slot [23] registered
[    0.794280] acpiphp: Slot [24] registered
[    0.796274] acpiphp: Slot [25] registered
[    0.797256] acpiphp: Slot [26] registered
[    0.799270] acpiphp: Slot [27] registered
[    0.801274] acpiphp: Slot [28] registered
[    0.802263] acpiphp: Slot [29] registered
[    0.804286] acpiphp: Slot [30] registered
[    0.805281] acpiphp: Slot [31] registered
[    0.807276] PCI host bridge to bus 0000:00
[    0.808224] pci_bus 0000:00: root bus resource [io  0x0000-0x0cf7 window]
[    0.810223] pci_bus 0000:00: root bus resource [io  0x0d00-0xffff window]
[    0.812223] pci_bus 0000:00: root bus resource [mem 0x000a0000-0x000bffff window]
[    0.815224] pci_bus 0000:00: root bus resource [mem 0xc0000000-0xfebfffff window]
[    0.818225] pci_bus 0000:00: root bus resource [mem 0x7000000000-0x707fffffff window]
[    0.821225] pci_bus 0000:00: root bus resource [bus 00-ff]
[    0.823430] pci 0000:00:00.0: [8086:1237] type 00 class 0x060000
[    0.826408] pci 0000:00:01.0: [8086:7000] type 00 class 0x060100
[    0.830922] pci 0000:00:01.1: [8086:7010] type 00 class 0x010180
[    0.837011] pci 0000:00:01.1: reg 0x20: [io  0xc100-0xc10f]
[    0.841298] pci 0000:00:01.1: legacy IDE quirk: reg 0x10: [io  0x01f0-0x01f7]
[    0.845232] pci 0000:00:01.1: legacy IDE quirk: reg 0x14: [io  0x03f6]
[    0.848224] pci 0000:00:01.1: legacy IDE quirk: reg 0x18: [io  0x0170-0x0177]
[    0.850225] pci 0000:00:01.1: legacy IDE quirk: reg 0x1c: [io  0x0376]
[    0.853935] pci 0000:00:01.3: [8086:7113] type 00 class 0x068000
[    0.860124] pci 0000:00:01.3: quirk: [io  0x0600-0x063f] claimed by PIIX4 ACPI
[    0.863260] pci 0000:00:01.3: quirk: [io  0x0700-0x070f] claimed by PIIX4 SMB
[    0.867011] pci 0000:00:02.0: [1af4:1003] type 00 class 0x078000
[    0.871082] pci 0000:00:02.0: reg 0x10: [io  0xc000-0xc03f]
[    0.875222] pci 0000:00:02.0: reg 0x14: [mem 0xfebfc000-0xfebfcfff]
[    0.883227] pci 0000:00:02.0: reg 0x20: [mem 0x7000000000-0x7000003fff 64bit pref]
[    0.889363] pci 0000:00:03.0: [1af4:1003] type 00 class 0x078000
[    0.893810] pci 0000:00:03.0: reg 0x10: [io  0xc040-0xc07f]
[    0.896222] pci 0000:00:03.0: reg 0x14: [mem 0xfebfd000-0xfebfdfff]
[    0.903227] pci 0000:00:03.0: reg 0x20: [mem 0x7000004000-0x7000007fff 64bit pref]
[    0.909324] pci 0000:00:04.0: [1af4:1009] type 00 class 0x000200
[    0.912745] pci 0000:00:04.0: reg 0x10: [io  0xc080-0xc0bf]
[    0.916892] pci 0000:00:04.0: reg 0x14: [mem 0xfebfe000-0xfebfefff]
[    0.926187] pci 0000:00:04.0: reg 0x20: [mem 0x7000008000-0x700000bfff 64bit pref]
[    0.936997] pci 0000:00:05.0: [1af4:1009] type 00 class 0x000200
[    0.941784] pci 0000:00:05.0: reg 0x10: [io  0xc0c0-0xc0ff]
[    0.944226] pci 0000:00:05.0: reg 0x14: [mem 0xfebff000-0xfebfffff]
[    0.952231] pci 0000:00:05.0: reg 0x20: [mem 0x700000c000-0x700000ffff 64bit pref]
[    0.962883] ACPI: PCI: Interrupt link LNKA configured for IRQ 10
[    0.966509] ACPI: PCI: Interrupt link LNKB configured for IRQ 10
[    0.968479] ACPI: PCI: Interrupt link LNKC configured for IRQ 11
[    0.971460] ACPI: PCI: Interrupt link LNKD configured for IRQ 11
[    0.974401] ACPI: PCI: Interrupt link LNKS configured for IRQ 9
[    0.977235] iommu: Default domain type: Translated
[    0.979226] iommu: DMA domain TLB invalidation policy: lazy mode
[    0.981460] SCSI subsystem initialized
[    0.983348] ACPI: bus type USB registered
[    0.985268] usbcore: registered new interface driver usbfs
[    0.987248] usbcore: registered new interface driver hub
[    0.989237] usbcore: registered new device driver usb
[    0.991261] pps_core: LinuxPPS API ver. 1 registered
[    0.993222] pps_core: Software ver. 5.3.6 - Copyright 2005-2007 Rodolfo Giometti <giometti@linux.it>
[    0.997281] PTP clock support registered
[    0.998347] EDAC MC: Ver: 3.0.0
[    1.001247] NetLabel: Initializing
[    1.002223] NetLabel:  domain hash size = 128
[    1.003223] NetLabel:  protocols = UNLABELED CIPSOv4 CALIPSO
[    1.005244] NetLabel:  unlabeled traffic allowed by default
[    1.007229] mctp: management component transport protocol core
[    1.009223] NET: Registered PF_MCTP protocol family
[    1.011251] PCI: Using ACPI for IRQ routing
[    1.014326] vgaarb: loaded
[    1.015511] hpet0: at MMIO 0xfed00000, IRQs 2, 8, 0
[    1.018233] hpet0: 3 comparators, 64-bit 100.000000 MHz counter
[    1.026349] clocksource: Switched to clocksource kvm-clock
[    1.069442] VFS: Disk quotas dquot_6.6.0
[    1.070757] VFS: Dquot-cache hash table entries: 512 (order 0, 4096 bytes)
[    1.073186] pnp: PnP ACPI init
[    1.075282] pnp: PnP ACPI: found 5 devices
[    1.088905] clocksource: acpi_pm: mask: 0xffffff max_cycles: 0xffffff, max_idle_ns: 2085701024 ns
[    1.094056] NET: Registered PF_INET protocol family
[    1.096731] IP idents hash table entries: 65536 (order: 7, 524288 bytes, linear)
[    1.106487] tcp_listen_portaddr_hash hash table entries: 2048 (order: 3, 32768 bytes, linear)
[    1.111637] Table-perturb hash table entries: 65536 (order: 6, 262144 bytes, linear)
[    1.114665] TCP established hash table entries: 32768 (order: 6, 262144 bytes, linear)
[    1.117619] TCP bind hash table entries: 32768 (order: 8, 1048576 bytes, linear)
[    1.120738] TCP: Hash tables configured (established 32768 bind 32768)
[    1.123705] MPTCP token hash table entries: 4096 (order: 4, 98304 bytes, linear)
[    1.126733] UDP hash table entries: 2048 (order: 4, 65536 bytes, linear)
[    1.129812] UDP-Lite hash table entries: 2048 (order: 4, 65536 bytes, linear)
[    1.135060] NET: Registered PF_UNIX/PF_LOCAL protocol family
[    1.138627] NET: Registered PF_XDP protocol family
[    1.141812] pci_bus 0000:00: resource 4 [io  0x0000-0x0cf7 window]
[    1.146062] pci_bus 0000:00: resource 5 [io  0x0d00-0xffff window]
[    1.148929] pci_bus 0000:00: resource 6 [mem 0x000a0000-0x000bffff window]
[    1.152448] pci_bus 0000:00: resource 7 [mem 0xc0000000-0xfebfffff window]
[    1.156028] pci_bus 0000:00: resource 8 [mem 0x7000000000-0x707fffffff window]
[    1.159472] pci 0000:00:01.0: PIIX3: Enabling Passive Release
[    1.162432] pci 0000:00:00.0: Limiting direct PCI/PCI transfers
[    1.166310] PCI: CLS 0 bytes, default 64
[    1.168913] PCI-DMA: Using software bounce buffering for IO (SWIOTLB)
[    1.172720] software IO TLB: mapped [mem 0x00000000bbfe0000-0x00000000bffe0000] (64MB)
[    1.176865] clocksource: tsc: mask: 0xffffffffffffffff max_cycles: 0x396d5b41a85, max_idle_ns: 881590480540 ns
[    1.181235] sgx: There are zero EPC sections.
[    1.184291] Initialise system trusted keyrings
[    1.185900] Key type blacklist registered
[    1.187740] workingset: timestamp_bits=36 max_order=20 bucket_order=0
[    1.196344] zbud: loaded
[    1.199308] fuse: init (API version 7.37)
[    1.201121] 9p: Installing v9fs 9p2000 file system support
[    1.205689] integrity: Platform Keyring initialized
[    1.209292] integrity: Machine keyring initialized
[    1.225344] NET: Registered PF_ALG protocol family
[    1.227536] xor: automatically using best checksumming function   avx
[    1.230490] Key type asymmetric registered
[    1.232301] Asymmetric key parser 'x509' registered
[    1.237008] alg: self-tests for CTR-KDF (hmac(sha256)) passed
[    1.240695] Block layer SCSI generic (bsg) driver version 0.4 loaded (major 245)
[    1.244660] io scheduler mq-deadline registered
[    1.246638] io scheduler kyber registered
[    1.248335] io scheduler bfq registered
[    1.254629] atomic64_test: passed for x86-64 platform with CX8 and with SSE
[    1.260053] shpchp: Standard Hot Plug PCI Controller Driver version: 0.4
[    1.263809] input: Power Button as /devices/LNXSYSTM:00/LNXPWRBN:00/input/input0
[    1.268194] ACPI: button: Power Button [PWRF]
[    1.309855] ACPI: \_SB_.LNKB: Enabled at IRQ 10
[    1.367267] ACPI: \_SB_.LNKC: Enabled at IRQ 11
[    1.462837] ACPI: \_SB_.LNKD: Enabled at IRQ 11
[    1.550188] ACPI: \_SB_.LNKA: Enabled at IRQ 10
[    1.557702] Serial: 8250/16550 driver, 32 ports, IRQ sharing enabled
[    1.561457] 00:03: ttyS0 at I/O 0x3f8 (irq = 4, base_baud = 115200) is a 16550A
[    1.637420] Non-volatile memory driver v1.3
[    1.639421] Linux agpgart interface v0.103
[    1.641246] ACPI: bus type drm_connector registered
[    1.645092] scsi host0: ata_piix
[    1.646845] scsi host1: ata_piix
[    1.648372] ata1: PATA max MWDMA2 cmd 0x1f0 ctl 0x3f6 bmdma 0xc100 irq 14
[    1.652869] ata2: PATA max MWDMA2 cmd 0x170 ctl 0x376 bmdma 0xc108 irq 15
[    1.660833] usbcore: registered new interface driver usbserial_generic
[    1.664357] usbserial: USB Serial support registered for generic
[    1.667873] i8042: PNP: PS/2 Controller [PNP0303:KBD,PNP0f13:MOU] at 0x60,0x64 irq 1,12
[    1.672969] serio: i8042 KBD port at 0x60,0x64 irq 1
[    1.675030] serio: i8042 AUX port at 0x60,0x64 irq 12
[    1.677480] mousedev: PS/2 mouse device common for all mice
[    1.680555] rtc_cmos 00:04: RTC can wake from S4
[    1.684926] input: AT Translated Set 2 keyboard as /devices/platform/i8042/serio0/input/input1
[    1.686603] rtc_cmos 00:04: registered as rtc0
[    1.694385] input: VirtualPS/2 VMware VMMouse as /devices/platform/i8042/serio1/input/input4
[    1.694907] rtc_cmos 00:04: setting system clock to 2026-04-24T11:23:32 UTC (1777029812)
[    1.702207] input: VirtualPS/2 VMware VMMouse as /devices/platform/i8042/serio1/input/input3
[    1.705244] rtc_cmos 00:04: alarms up to one day, y3k, 242 bytes nvram, hpet irqs
[    1.713312] device-mapper: core: CONFIG_IMA_DISABLE_HTABLE is disabled. Duplicate IMA measurements will not be recorded in the IMA log.
[    1.718540] device-mapper: uevent: version 1.0.3
[    1.721065] device-mapper: ioctl: 4.47.0-ioctl (2022-07-28) initialised: dm-devel@redhat.com
[    1.725012] intel_pstate: CPU model not supported
[    1.727469] hid: raw HID events driver (C) Jiri Kosina
[    1.730537] usbcore: registered new interface driver usbhid
[    1.733370] usbhid: USB HID core driver
[    1.735669] drop_monitor: Initializing network drop monitor service
[    1.777033] Initializing XFRM netlink socket
[    1.778865] NET: Registered PF_INET6 protocol family
[    1.783821] Segment Routing with IPv6
[    1.785617] RPL Segment Routing with IPv6
[    1.787319] In-situ OAM (IOAM) with IPv6
[    1.788943] mip6: Mobile IPv6
[    1.790287] NET: Registered PF_PACKET protocol family
[    1.792564] 9pnet: Installing 9P2000 support
[    1.799322] IPI shorthand broadcast: enabled
[    1.800837] AVX2 version of gcm_enc/dec engaged.
[    1.802541] AES CTR mode by8 optimization enabled
[    1.804721] sched_clock: Marking stable (1771044281, 33638995)->(1939531164, -134847888)
[    1.807848] registered taskstats version 1
[    1.809719] Loading compiled-in X.509 certificates
[    1.828930] Loaded X.509 cert 'Build time autogenerated kernel key: dd86a8aec6595d1fa4db84a563c2e7ca42bb33bd'
[    1.834713] zswap: loaded using pool lzo/zbud
[    1.837168] page_owner is disabled
[    1.839165] Key type .fscrypt registered
[    1.841698] Key type fscrypt-provisioning registered
[    1.846175] Btrfs loaded, crc32c=crc32c-generic, zoned=yes, fsverity=yes
[    1.849642] Key type big_key registered
[    1.852864] Key type encrypted registered
[    1.854530] ima: No TPM chip found, activating TPM-bypass!
[    1.857302] Loading compiled-in module X.509 certificates
[    1.859826] Loaded X.509 cert 'Build time autogenerated kernel key: dd86a8aec6595d1fa4db84a563c2e7ca42bb33bd'
[    1.864422] ima: Allocated hash algorithm: sha256
[    1.867275] ima: No architecture policies found
[    1.870598] evm: Initialising EVM extended attributes:
[    1.874013] evm: security.selinux
[    1.875966] evm: security.SMACK64 (disabled)
[    1.878407] evm: security.SMACK64EXEC (disabled)
[    1.880497] evm: security.SMACK64TRANSMUTE (disabled)
[    1.883235] evm: security.SMACK64MMAP (disabled)
[    1.885790] evm: security.apparmor (disabled)
[    1.887767] evm: security.ima
[    1.889384] evm: security.capability
[    1.890872] evm: HMAC attrs: 0x1
[    1.935679] alg: No test for 842 (842-scomp)
[    1.937963] alg: No test for 842 (842-generic)
[    2.158674] PM:   Magic number: 6:779:378
[    2.160604] RAS: Correctable Errors collector initialized.
[    2.163552] md: Skipping autodetection of RAID arrays. (raid=autodetect will force)
[    2.166369] 9pnet: Limiting 'msize' to 512000 as this is the maximum supported by transport virtio
[    2.172639] VFS: Mounted root (9p filesystem) on device 0:20.
[    2.177736] devtmpfs: mounted
[    2.184038] Freeing unused decrypted memory: 2036K
[    2.190284] Freeing unused kernel image (initmem) memory: 3044K
[    2.192754] Write protecting the kernel read-only data: 34816k
[    2.195551] Freeing unused kernel image (text/rodata gap) memory: 2036K
[    2.198359] Freeing unused kernel image (rodata/data gap) memory: 1720K
[    2.272002] x86/mm: Checked W+X mappings: passed, no W+X pages found.
[    2.273598] rodata_test: all tests were successful
[    2.274968] x86/mm: Checking user space page tables
[    2.340246] x86/mm: Checked W+X mappings: passed, no W+X pages found.
[    2.341980] Run /tmp/vmtest-initrzFKE.sh as init process
[    2.560370] vmtest: Mounting tmpfs at /dev/shm
[    2.724528] vmtest: Mounting tmpfs at /run
[    2.835328] vmtest: Mounting sysfs at /sys
[    2.883380] vmtest: Mounting debugfs at /sys/kernel/debug
[    2.928923] vmtest: Mounting tracefs at /sys/kernel/debug/tracing
[    2.966977] vmtest: Mounting cgroup2 at /sys/fs/cgroup
[    3.026350] vmtest: Mounting tmpfs at /mnt
[    3.084549] vmtest: Symlink /dev/fd to /proc/self/fd
[    3.104030] vmtest: Init done
[    3.244618] vmtest: Located qemu-guest-agent virtio port: /dev/vport0p1
[    3.246691] vmtest: Spawning qemu-ga in the background
===> Setting up VM
[    3.691365] 9pnet: Limiting 'msize' to 512000 as this is the maximum supported by transport virtio
===> Running command
[?2004hroot@(none):/#
make[1]: Leaving directory '/home/ed/iomoments'

=== kernel: /home/ed/kernel-images/vmlinuz-v6.12 ===
make[1]: Entering directory '/home/ed/iomoments'
vmtest load build/iomoments.bpf.o against /home/ed/kernel-images/vmlinuz-v6.12
=> vmlinuz-v6.12
===> Booting
Probing EDD (edd=off to disable)... ok
[    0.000000] Linux version 6.12.0 (root@7e25a317e6a2) (gcc (Alpine 12.2.1_git20220924-r10) 12.2.1 20220924, GNU ld (GNU Binutils) 2.40) #1 SMP PREEMPT_DYNAMIC Fri Apr 24 11:05:16 UTC 2026
[    0.000000] Command line: rootfstype=9p rootflags=trans=virtio,cache=mmap,msize=1048576 rw earlyprintk=serial,0,115200 printk.devkmsg=on console=0,115200 loglevel=7 raid=noautodetect init=/tmp/vmtest-init1SlbD.sh panic=-1
[    0.000000] BIOS-provided physical RAM map:
[    0.000000] BIOS-e820: [mem 0x0000000000000000-0x000000000009fbff] usable
[    0.000000] BIOS-e820: [mem 0x000000000009fc00-0x000000000009ffff] reserved
[    0.000000] BIOS-e820: [mem 0x00000000000f0000-0x00000000000fffff] reserved
[    0.000000] BIOS-e820: [mem 0x0000000000100000-0x00000000bffdffff] usable
[    0.000000] BIOS-e820: [mem 0x00000000bffe0000-0x00000000bfffffff] reserved
[    0.000000] BIOS-e820: [mem 0x00000000feffc000-0x00000000feffffff] reserved
[    0.000000] BIOS-e820: [mem 0x00000000fffc0000-0x00000000ffffffff] reserved
[    0.000000] BIOS-e820: [mem 0x0000000100000000-0x000000013fffffff] usable
[    0.000000] printk: legacy bootconsole [earlyser0] enabled
[    0.000000] NX (Execute Disable) protection: active
[    0.000000] APIC: Static calls initialized
[    0.000000] SMBIOS 3.0.0 present.
[    0.000000] DMI: QEMU Ubuntu 24.04 PC v2 (i440FX + PIIX, arch_caps fix, 1996), BIOS 1.16.3-debian-1.16.3-2 04/01/2014
[    0.000000] DMI: Memory slots populated: 1/1
[    0.000000] Hypervisor detected: KVM
[    0.000000] kvm-clock: Using msrs 4b564d01 and 4b564d00
[    0.000002] kvm-clock: using sched offset of 549589508 cycles
[    0.001943] clocksource: kvm-clock: mask: 0xffffffffffffffff max_cycles: 0x1cd42e4dffb, max_idle_ns: 881590591483 ns
[    0.011983] tsc: Detected 1992.005 MHz processor
[    0.015581] last_pfn = 0x140000 max_arch_pfn = 0x400000000
[    0.017709] MTRR map: 4 entries (3 fixed + 1 variable; max 19), built from 8 variable MTRRs
[    0.022099] x86/PAT: Configuration [0-7]: WB  WC  UC- UC  WB  WP  UC- WT
Memory KASLR using RDRAND RDTSC...
[    0.028028] last_pfn = 0xbffe0 max_arch_pfn = 0x400000000
[    0.039256] found SMP MP-table at [mem 0x000f5460-0x000f546f]
[    0.041973] Using GB pages for direct mapping
[    0.044194] ACPI: Early table checksum verification disabled
[    0.046198] ACPI: RSDP 0x00000000000F5250 000014 (v00 BOCHS )
[    0.049059] ACPI: RSDT 0x00000000BFFE1C96 000034 (v01 BOCHS  BXPC     00000001 BXPC 00000001)
[    0.051854] ACPI: FACP 0x00000000BFFE1B42 000074 (v01 BOCHS  BXPC     00000001 BXPC 00000001)
[    0.055014] ACPI: DSDT 0x00000000BFFE0040 001B02 (v01 BOCHS  BXPC     00000001 BXPC 00000001)
[    0.058324] ACPI: FACS 0x00000000BFFE0000 000040
[    0.059799] ACPI: APIC 0x00000000BFFE1BB6 000080 (v03 BOCHS  BXPC     00000001 BXPC 00000001)
[    0.063135] ACPI: HPET 0x00000000BFFE1C36 000038 (v01 BOCHS  BXPC     00000001 BXPC 00000001)
[    0.065826] ACPI: WAET 0x00000000BFFE1C6E 000028 (v01 BOCHS  BXPC     00000001 BXPC 00000001)
[    0.068796] ACPI: Reserving FACP table memory at [mem 0xbffe1b42-0xbffe1bb5]
[    0.071341] ACPI: Reserving DSDT table memory at [mem 0xbffe0040-0xbffe1b41]
[    0.074450] ACPI: Reserving FACS table memory at [mem 0xbffe0000-0xbffe003f]
[    0.078183] ACPI: Reserving APIC table memory at [mem 0xbffe1bb6-0xbffe1c35]
[    0.081635] ACPI: Reserving HPET table memory at [mem 0xbffe1c36-0xbffe1c6d]
[    0.084810] ACPI: Reserving WAET table memory at [mem 0xbffe1c6e-0xbffe1c95]
[    0.088022] No NUMA configuration found
[    0.089421] Faking a node at [mem 0x0000000000000000-0x000000013fffffff]
[    0.092862] NODE_DATA(0) allocated [mem 0x13ffd32c0-0x13fffdfff]
[    0.274061] Zone ranges:
[    0.276701]   DMA      [mem 0x0000000000001000-0x0000000000ffffff]
[    0.279784]   DMA32    [mem 0x0000000001000000-0x00000000ffffffff]
[    0.283067]   Normal   [mem 0x0000000100000000-0x000000013fffffff]
[    0.286370]   Device   empty
[    0.287995] Movable zone start for each node
[    0.290964] Early memory node ranges
[    0.292899]   node   0: [mem 0x0000000000001000-0x000000000009efff]
[    0.297340]   node   0: [mem 0x0000000000100000-0x00000000bffdffff]
[    0.300393]   node   0: [mem 0x0000000100000000-0x000000013fffffff]
[    0.304057] Initmem setup node 0 [mem 0x0000000000001000-0x000000013fffffff]
[    0.307792] On node 0, zone DMA: 1 pages in unavailable ranges
[    0.310789] On node 0, zone DMA: 97 pages in unavailable ranges
[    0.354775] On node 0, zone Normal: 32 pages in unavailable ranges
[    0.358479] ACPI: PM-Timer IO Port: 0x608
[    0.360218] ACPI: LAPIC_NMI (acpi_id[0xff] dfl dfl lint[0x1])
[    0.362921] IOAPIC[0]: apic_id 0, version 17, address 0xfec00000, GSI 0-23
[    0.365093] ACPI: INT_SRC_OVR (bus 0 bus_irq 0 global_irq 2 dfl dfl)
[    0.367141] ACPI: INT_SRC_OVR (bus 0 bus_irq 5 global_irq 5 high level)
[    0.369952] ACPI: INT_SRC_OVR (bus 0 bus_irq 9 global_irq 9 high level)
[    0.372071] ACPI: INT_SRC_OVR (bus 0 bus_irq 10 global_irq 10 high level)
[    0.374416] ACPI: INT_SRC_OVR (bus 0 bus_irq 11 global_irq 11 high level)
[    0.377752] ACPI: Using ACPI (MADT) for SMP configuration information
[    0.380327] ACPI: HPET id: 0x8086a201 base: 0xfed00000
[    0.383590] TSC deadline timer available
[    0.385097] CPU topo: Max. logical packages:   1
[    0.386931] CPU topo: Max. logical dies:       1
[    0.389873] CPU topo: Max. dies per package:   1
[    0.391832] CPU topo: Max. threads per core:   1
[    0.393263] CPU topo: Num. cores per package:     2
[    0.395598] CPU topo: Num. threads per package:   2
[    0.398112] CPU topo: Allowing 2 present CPUs plus 0 hotplug CPUs
[    0.400343] kvm-guest: APIC: eoi() replaced with kvm_guest_apic_eoi_write()
[    0.402820] kvm-guest: KVM setup pv remote TLB flush
[    0.405030] kvm-guest: setup PV sched yield
[    0.406507] PM: hibernation: Registered nosave memory: [mem 0x00000000-0x00000fff]
[    0.409016] PM: hibernation: Registered nosave memory: [mem 0x0009f000-0x0009ffff]
[    0.413256] PM: hibernation: Registered nosave memory: [mem 0x000a0000-0x000effff]
[    0.415966] PM: hibernation: Registered nosave memory: [mem 0x000f0000-0x000fffff]
[    0.420007] PM: hibernation: Registered nosave memory: [mem 0xbffe0000-0xbfffffff]
[    0.423380] PM: hibernation: Registered nosave memory: [mem 0xc0000000-0xfeffbfff]
[    0.428565] PM: hibernation: Registered nosave memory: [mem 0xfeffc000-0xfeffffff]
[    0.434299] PM: hibernation: Registered nosave memory: [mem 0xff000000-0xfffbffff]
[    0.438860] PM: hibernation: Registered nosave memory: [mem 0xfffc0000-0xffffffff]
[    0.442472] [mem 0xc0000000-0xfeffbfff] available for PCI devices
[    0.445278] Booting paravirtualized kernel on KVM
[    0.447929] clocksource: refined-jiffies: mask: 0xffffffff max_cycles: 0xffffffff, max_idle_ns: 1910969940391419 ns
[    0.466048] setup_percpu: NR_CPUS:8192 nr_cpumask_bits:2 nr_cpu_ids:2 nr_node_ids:1
[    0.471407] percpu: Embedded 67 pages/cpu s237568 r8192 d28672 u1048576
[    0.474127] kvm-guest: PV spinlocks enabled
[    0.476494] PV qspinlock hash table entries: 256 (order: 0, 4096 bytes, linear)
[    0.479104] Kernel command line: rootfstype=9p rootflags=trans=virtio,cache=mmap,msize=1048576 rw earlyprintk=serial,0,115200 printk.devkmsg=on console=0,115200 loglevel=7 raid=noautodetect init=/tmp/vmtest-init1SlbD.sh panic=-1
[    0.487558] random: crng init done
[    0.493168] Dentry cache hash table entries: 524288 (order: 10, 4194304 bytes, linear)
[    0.498929] Inode-cache hash table entries: 262144 (order: 9, 2097152 bytes, linear)
[    0.504056] Fallback order for Node 0: 0
[    0.504085] Built 1 zonelists, mobility grouping on.  Total pages: 1048446
[    0.510283] Policy zone: Normal
[    0.515784] mem auto-init: stack:all(zero), heap alloc:off, heap free:off
[    0.519666] software IO TLB: area num 2.
[    0.653098] SLUB: HWalign=64, Order=0-3, MinObjects=0, CPUs=2, Nodes=1
[    0.655938] Kernel/User page tables isolation: enabled
Poking KASLR using RDRAND RDTSC...
[    0.659512] ftrace: allocating 56595 entries in 222 pages
[    0.690252] ftrace: allocated 222 pages with 6 groups
[    0.695201] Dynamic Preempt: voluntary
[    0.697991] rcu: Preemptible hierarchical RCU implementation.
[    0.700388] rcu: 	RCU restricting CPUs from NR_CPUS=8192 to nr_cpu_ids=2.
[    0.703728] 	Trampoline variant of Tasks RCU enabled.
[    0.706037] 	Rude variant of Tasks RCU enabled.
[    0.708018] 	Tracing variant of Tasks RCU enabled.
[    0.710708] rcu: RCU calculated value of scheduler-enlistment delay is 100 jiffies.
[    0.714451] rcu: Adjusting geometry for rcu_fanout_leaf=16, nr_cpu_ids=2
[    0.718842] RCU Tasks: Setting shift to 1 and lim to 1 rcu_task_cb_adjust=1 rcu_task_cpu_ids=2.
[    0.723200] RCU Tasks Rude: Setting shift to 1 and lim to 1 rcu_task_cb_adjust=1 rcu_task_cpu_ids=2.
[    0.729522] RCU Tasks Trace: Setting shift to 1 and lim to 1 rcu_task_cb_adjust=1 rcu_task_cpu_ids=2.
[    0.746583] NR_IRQS: 524544, nr_irqs: 440, preallocated irqs: 16
[    0.749815] rcu: srcu_init: Setting srcu_struct sizes based on contention.
[    0.753006] kfence: initialized - using 2097152 bytes for 255 objects at 0x(____ptrval____)-0x(____ptrval____)
[    0.757338] Console: colour *CGA 80x25
[    0.758942] printk: legacy console [ttyS0] enabled
[    0.758942] printk: legacy console [ttyS0] enabled
[    0.763162] printk: legacy bootconsole [earlyser0] disabled
[    0.763162] printk: legacy bootconsole [earlyser0] disabled
[    0.768193] ACPI: Core revision 20240827
[    0.770321] clocksource: hpet: mask: 0xffffffff max_cycles: 0xffffffff, max_idle_ns: 19112604467 ns
[    0.774866] APIC: Switch to symmetric I/O mode setup
[    0.777348] x2apic enabled
[    0.778769] APIC: Switched APIC routing to: physical x2apic
[    0.781385] kvm-guest: APIC: send_IPI_mask() replaced with kvm_send_ipi_mask()
[    0.786892] kvm-guest: APIC: send_IPI_mask_allbutself() replaced with kvm_send_ipi_mask_allbutself()
[    0.793198] kvm-guest: setup PV IPIs
[    0.798274] ..TIMER: vector=0x30 apic1=0 pin1=2 apic2=-1 pin2=-1
[    0.801406] clocksource: tsc-early: mask: 0xffffffffffffffff max_cycles: 0x396d5b41a85, max_idle_ns: 881590480540 ns
[    0.807228] Calibrating delay loop (skipped) preset value.. 3984.01 BogoMIPS (lpj=1992005)
[    0.809235] x86/cpu: User Mode Instruction Prevention (UMIP) activated
[    0.810445] Last level iTLB entries: 4KB 0, 2MB 0, 4MB 0
[    0.811230] Last level dTLB entries: 4KB 0, 2MB 0, 4MB 0, 1GB 0
[    0.812262] Spectre V1 : Mitigation: usercopy/swapgs barriers and __user pointer sanitization
[    0.813235] Spectre V2 : Spectre BHI mitigation: SW BHB clearing on syscall and VM exit
[    0.814227] Spectre V2 : Mitigation: IBRS
[    0.815229] Spectre V2 : Spectre v2 / SpectreRSB mitigation: Filling RSB on context switch
[    0.816233] Spectre V2 : Spectre v2 / SpectreRSB : Filling RSB on VMEXIT
[    0.818233] RETBleed: Mitigation: IBRS
[    0.819247] Spectre V2 : mitigation: Enabling conditional Indirect Branch Prediction Barrier
[    0.821240] Speculative Store Bypass: Mitigation: Speculative Store Bypass disabled via prctl
[    0.823268] MDS: Mitigation: Clear CPU buffers
[    0.824230] MMIO Stale Data: Mitigation: Clear CPU buffers
[    0.825228] SRBDS: Unknown: Dependent on hypervisor status
[    0.826228] GDS: Unknown: Dependent on hypervisor status
[    0.828227] x86/fpu: Supporting XSAVE feature 0x001: 'x87 floating point registers'
[    0.829231] x86/fpu: Supporting XSAVE feature 0x002: 'SSE registers'
[    0.830243] x86/fpu: Supporting XSAVE feature 0x004: 'AVX registers'
[    0.831232] x86/fpu: Supporting XSAVE feature 0x008: 'MPX bounds registers'
[    0.832228] x86/fpu: Supporting XSAVE feature 0x010: 'MPX CSR'
[    0.833233] x86/fpu: xstate_offset[2]:  576, xstate_sizes[2]:  256
[    0.834233] x86/fpu: xstate_offset[3]:  832, xstate_sizes[3]:   64
[    0.835228] x86/fpu: xstate_offset[4]:  896, xstate_sizes[4]:   64
[    0.836228] x86/fpu: Enabled xstate features 0x1f, context size is 960 bytes, using 'compacted' format.
[    0.898119] Freeing SMP alternatives memory: 48K
[    0.898232] pid_max: default: 32768 minimum: 301
[    0.899358] LSM: initializing lsm=lockdown,capability,yama,selinux,bpf,landlock,ima,evm
[    0.900330] Yama: becoming mindful.
[    0.901236] SELinux:  Initializing.
[    0.902734] LSM support for eBPF active
[    0.903265] landlock: Up and running.
[    0.904434] Mount-cache hash table entries: 8192 (order: 4, 65536 bytes, linear)
[    0.905394] Mountpoint-cache hash table entries: 8192 (order: 4, 65536 bytes, linear)
[    0.908126] smpboot: CPU0: Intel(R) Core(TM) i7-8550U CPU @ 1.80GHz (family: 0x6, model: 0x8e, stepping: 0xa)
[    0.909930] Performance Events: Skylake events, full-width counters, Intel PMU driver.
[    0.910243] ... version:                2
[    0.911230] ... bit width:              48
[    0.912229] ... generic registers:      4
[    0.913227] ... value mask:             0000ffffffffffff
[    0.914226] ... max period:             00007fffffffffff
[    0.915226] ... fixed-purpose events:   3
[    0.916226] ... event mask:             000000070000000f
[    0.917570] signal: max sigframe size: 2032
[    0.918412] rcu: Hierarchical SRCU implementation.
[    0.919228] rcu: 	Max phase no-delay instances is 400.
[    0.920404] Timer migration: 1 hierarchy levels; 8 children per group; 1 crossnode level
[    0.922303] smp: Bringing up secondary CPUs ...
[    0.924580] smpboot: x86: Booting SMP configuration:
[    0.925245] .... node  #0, CPUs:      #1
[    0.926266] smp: Brought up 1 node, 2 CPUs
[    0.928228] smpboot: Total of 2 processors activated (7968.02 BogoMIPS)
[    0.929604] Memory: 3988312K/4193784K available (20480K kernel code, 3425K rwdata, 15724K rodata, 4776K init, 6260K bss, 199116K reserved, 0K cma-reserved)
[    0.931240] devtmpfs: initialized
[    0.932327] x86/mm: Memory block size: 128MB
[    0.935876] clocksource: jiffies: mask: 0xffffffff max_cycles: 0xffffffff, max_idle_ns: 1911260446275000 ns
[    0.939267] futex hash table entries: 512 (order: 3, 32768 bytes, linear)
[    0.942585] pinctrl core: initialized pinctrl subsystem
[    0.945574] PM: RTC time: 11:23:36, date: 2026-04-24
[    0.950283] NET: Registered PF_NETLINK/PF_ROUTE protocol family
[    0.953646] DMA: preallocated 512 KiB GFP_KERNEL pool for atomic allocations
[    0.954271] DMA: preallocated 512 KiB GFP_KERNEL|GFP_DMA pool for atomic allocations
[    0.958285] DMA: preallocated 512 KiB GFP_KERNEL|GFP_DMA32 pool for atomic allocations
[    0.962308] audit: initializing netlink subsys (disabled)
[    0.965326] audit: type=2000 audit(1777029817.100:1): state=initialized audit_enabled=0 res=1
[    0.966384] thermal_sys: Registered thermal governor 'fair_share'
[    0.967273] thermal_sys: Registered thermal governor 'bang_bang'
[    0.968248] thermal_sys: Registered thermal governor 'step_wise'
[    0.970232] thermal_sys: Registered thermal governor 'user_space'
[    0.973265] cpuidle: using governor menu
[    0.977609] acpiphp: ACPI Hot Plug PCI Controller Driver version: 0.5
[    0.980714] PCI: Using configuration type 1 for base access
[    0.982604] kprobes: kprobe jump-optimization is enabled. All kprobes are optimized if possible.
[    1.019364] HugeTLB: registered 1.00 GiB page size, pre-allocated 0 pages
[    1.023232] HugeTLB: 16380 KiB vmemmap can be freed for a 1.00 GiB page
[    1.027242] HugeTLB: registered 2.00 MiB page size, pre-allocated 0 pages
[    1.031233] HugeTLB: 28 KiB vmemmap can be freed for a 2.00 MiB page
[    1.038229] cryptd: max_cpu_qlen set to 1000
[    1.041567] raid6: skipped pq benchmark and selected avx2x4
[    1.045236] raid6: using avx2x2 recovery algorithm
[    1.048544] ACPI: Added _OSI(Module Device)
[    1.050227] ACPI: Added _OSI(Processor Device)
[    1.052229] ACPI: Added _OSI(3.0 _SCP Extensions)
[    1.053226] ACPI: Added _OSI(Processor Aggregator Device)
[    1.056118] ACPI: 1 ACPI AML tables successfully acquired and loaded
[    1.061427] ACPI: Interpreter enabled
[    1.062263] ACPI: PM: (supports S0 S3 S4 S5)
[    1.065231] ACPI: Using IOAPIC for interrupt routing
[    1.067520] PCI: Using host bridge windows from ACPI; if necessary, use "pci=nocrs" and report a bug
[    1.071235] PCI: Using E820 reservations for host bridge windows
[    1.074477] ACPI: Enabled 2 GPEs in block 00 to 0F
[    1.082666] ACPI: PCI Root Bridge [PCI0] (domain 0000 [bus 00-ff])
[    1.086264] acpi PNP0A03:00: _OSC: OS supports [ASPM ClockPM Segments MSI EDR HPX-Type3]
[    1.091240] acpi PNP0A03:00: _OSC: not requesting OS control; OS requires [ExtendedConfig ASPM ClockPM MSI]
[    1.096268] acpi PNP0A03:00: fail to add MMCONFIG information, can't access extended configuration space under this bridge
[    1.101178] acpiphp: Slot [2] registered
[    1.103289] acpiphp: Slot [3] registered
[    1.105304] acpiphp: Slot [4] registered
[    1.107308] acpiphp: Slot [5] registered
[    1.110292] acpiphp: Slot [6] registered
[    1.112324] acpiphp: Slot [7] registered
[    1.114345] acpiphp: Slot [8] registered
[    1.117331] acpiphp: Slot [9] registered
[    1.119405] acpiphp: Slot [10] registered
[    1.122320] acpiphp: Slot [11] registered
[    1.124293] acpiphp: Slot [12] registered
[    1.126279] acpiphp: Slot [13] registered
[    1.128290] acpiphp: Slot [14] registered
[    1.130293] acpiphp: Slot [15] registered
[    1.132307] acpiphp: Slot [16] registered
[    1.134272] acpiphp: Slot [17] registered
[    1.136290] acpiphp: Slot [18] registered
[    1.138272] acpiphp: Slot [19] registered
[    1.139270] acpiphp: Slot [20] registered
[    1.141267] acpiphp: Slot [21] registered
[    1.143267] acpiphp: Slot [22] registered
[    1.145301] acpiphp: Slot [23] registered
[    1.147272] acpiphp: Slot [24] registered
[    1.149268] acpiphp: Slot [25] registered
[    1.151286] acpiphp: Slot [26] registered
[    1.153276] acpiphp: Slot [27] registered
[    1.155271] acpiphp: Slot [28] registered
[    1.157263] acpiphp: Slot [29] registered
[    1.158281] acpiphp: Slot [30] registered
[    1.159270] acpiphp: Slot [31] registered
[    1.161253] PCI host bridge to bus 0000:00
[    1.162234] pci_bus 0000:00: root bus resource [io  0x0000-0x0cf7 window]
[    1.165232] pci_bus 0000:00: root bus resource [io  0x0d00-0xffff window]
[    1.168230] pci_bus 0000:00: root bus resource [mem 0x000a0000-0x000bffff window]
[    1.171229] pci_bus 0000:00: root bus resource [mem 0xc0000000-0xfebfffff window]
[    1.173228] pci_bus 0000:00: root bus resource [mem 0x7000000000-0x707fffffff window]
[    1.176230] pci_bus 0000:00: root bus resource [bus 00-ff]
[    1.178370] pci 0000:00:00.0: [8086:1237] type 00 class 0x060000 conventional PCI endpoint
[    1.183810] pci 0000:00:01.0: [8086:7000] type 00 class 0x060100 conventional PCI endpoint
[    1.189229] pci 0000:00:01.1: [8086:7010] type 00 class 0x010180 conventional PCI endpoint
[    1.201235] pci 0000:00:01.1: BAR 4 [io  0xc100-0xc10f]
[    1.207074] pci 0000:00:01.1: BAR 0 [io  0x01f0-0x01f7]: legacy IDE quirk
[    1.210231] pci 0000:00:01.1: BAR 1 [io  0x03f6]: legacy IDE quirk
[    1.213228] pci 0000:00:01.1: BAR 2 [io  0x0170-0x0177]: legacy IDE quirk
[    1.215226] pci 0000:00:01.1: BAR 3 [io  0x0376]: legacy IDE quirk
[    1.218830] pci 0000:00:01.3: [8086:7113] type 00 class 0x068000 conventional PCI endpoint
[    1.222723] pci 0000:00:01.3: quirk: [io  0x0600-0x063f] claimed by PIIX4 ACPI
[    1.226280] pci 0000:00:01.3: quirk: [io  0x0700-0x070f] claimed by PIIX4 SMB
[    1.230350] pci 0000:00:02.0: [1af4:1003] type 00 class 0x078000 conventional PCI endpoint
[    1.234945] pci 0000:00:02.0: BAR 0 [io  0xc000-0xc03f]
[    1.239227] pci 0000:00:02.0: BAR 1 [mem 0xfebfc000-0xfebfcfff]
[    1.246775] pci 0000:00:02.0: BAR 4 [mem 0x7000000000-0x7000003fff 64bit pref]
[    1.256236] pci 0000:00:03.0: [1af4:1003] type 00 class 0x078000 conventional PCI endpoint
[    1.264168] pci 0000:00:03.0: BAR 0 [io  0xc040-0xc07f]
[    1.269232] pci 0000:00:03.0: BAR 1 [mem 0xfebfd000-0xfebfdfff]
[    1.277830] pci 0000:00:03.0: BAR 4 [mem 0x7000004000-0x7000007fff 64bit pref]
[    1.288477] pci 0000:00:04.0: [1af4:1009] type 00 class 0x000200 conventional PCI endpoint
[    1.294230] pci 0000:00:04.0: BAR 0 [io  0xc080-0xc0bf]
[    1.298235] pci 0000:00:04.0: BAR 1 [mem 0xfebfe000-0xfebfefff]
[    1.309023] pci 0000:00:04.0: BAR 4 [mem 0x7000008000-0x700000bfff 64bit pref]
[    1.317986] pci 0000:00:05.0: [1af4:1009] type 00 class 0x000200 conventional PCI endpoint
[    1.323230] pci 0000:00:05.0: BAR 0 [io  0xc0c0-0xc0ff]
[    1.326228] pci 0000:00:05.0: BAR 1 [mem 0xfebff000-0xfebfffff]
[    1.335065] pci 0000:00:05.0: BAR 4 [mem 0x700000c000-0x700000ffff 64bit pref]
[    1.343588] ACPI: PCI: Interrupt link LNKA configured for IRQ 10
[    1.345530] ACPI: PCI: Interrupt link LNKB configured for IRQ 10
[    1.348473] ACPI: PCI: Interrupt link LNKC configured for IRQ 11
[    1.351457] ACPI: PCI: Interrupt link LNKD configured for IRQ 11
[    1.353367] ACPI: PCI: Interrupt link LNKS configured for IRQ 9
[    1.357247] iommu: Default domain type: Translated
[    1.358228] iommu: DMA domain TLB invalidation policy: lazy mode
[    1.361442] SCSI subsystem initialized
[    1.363378] ACPI: bus type USB registered
[    1.364288] usbcore: registered new interface driver usbfs
[    1.366239] usbcore: registered new interface driver hub
[    1.369255] usbcore: registered new device driver usb
[    1.370333] pps_core: LinuxPPS API ver. 1 registered
[    1.372242] pps_core: Software ver. 5.3.6 - Copyright 2005-2007 Rodolfo Giometti <giometti@linux.it>
[    1.376243] PTP clock support registered
[    1.378360] EDAC MC: Ver: 3.0.0
[    1.381623] NetLabel: Initializing
[    1.382227] NetLabel:  domain hash size = 128
[    1.384228] NetLabel:  protocols = UNLABELED CIPSOv4 CALIPSO
[    1.387281] NetLabel:  unlabeled traffic allowed by default
[    1.390247] mctp: management component transport protocol core
[    1.392227] NET: Registered PF_MCTP protocol family
[    1.394260] PCI: Using ACPI for IRQ routing
[    1.398308] vgaarb: loaded
[    1.399392] hpet0: at MMIO 0xfed00000, IRQs 2, 8, 0
[    1.401234] hpet0: 3 comparators, 64-bit 100.000000 MHz counter
[    1.407331] clocksource: Switched to clocksource kvm-clock
[    1.413468] VFS: Disk quotas dquot_6.6.0
[    1.416311] VFS: Dquot-cache hash table entries: 512 (order 0, 4096 bytes)
[    1.421477] netfs: FS-Cache loaded
[    1.424293] pnp: PnP ACPI init
[    1.427318] pnp: PnP ACPI: found 5 devices
[    1.442556] clocksource: acpi_pm: mask: 0xffffff max_cycles: 0xffffff, max_idle_ns: 2085701024 ns
[    1.446451] NET: Registered PF_INET protocol family
[    1.449083] IP idents hash table entries: 65536 (order: 7, 524288 bytes, linear)
[    1.485821] tcp_listen_portaddr_hash hash table entries: 2048 (order: 3, 32768 bytes, linear)
[    1.490175] Table-perturb hash table entries: 65536 (order: 6, 262144 bytes, linear)
[    1.494458] TCP established hash table entries: 32768 (order: 6, 262144 bytes, linear)
[    1.498353] TCP bind hash table entries: 32768 (order: 8, 1048576 bytes, linear)
[    1.503665] TCP: Hash tables configured (established 32768 bind 32768)
[    1.508905] MPTCP token hash table entries: 4096 (order: 4, 98304 bytes, linear)
[    1.514235] UDP hash table entries: 2048 (order: 4, 65536 bytes, linear)
[    1.519167] UDP-Lite hash table entries: 2048 (order: 4, 65536 bytes, linear)
[    1.524569] NET: Registered PF_UNIX/PF_LOCAL protocol family
[    1.527797] NET: Registered PF_XDP protocol family
[    1.530360] pci_bus 0000:00: resource 4 [io  0x0000-0x0cf7 window]
[    1.533686] pci_bus 0000:00: resource 5 [io  0x0d00-0xffff window]
[    1.536839] pci_bus 0000:00: resource 6 [mem 0x000a0000-0x000bffff window]
[    1.539982] pci_bus 0000:00: resource 7 [mem 0xc0000000-0xfebfffff window]
[    1.542889] pci_bus 0000:00: resource 8 [mem 0x7000000000-0x707fffffff window]
[    1.545730] pci 0000:00:01.0: PIIX3: Enabling Passive Release
[    1.547797] pci 0000:00:00.0: Limiting direct PCI/PCI transfers
[    1.549984] PCI: CLS 0 bytes, default 64
[    1.551809] PCI-DMA: Using software bounce buffering for IO (SWIOTLB)
[    1.554363] software IO TLB: mapped [mem 0x00000000bbfe0000-0x00000000bffe0000] (64MB)
[    1.557691] clocksource: tsc: mask: 0xffffffffffffffff max_cycles: 0x396d5b41a85, max_idle_ns: 881590480540 ns
[    1.561142] sgx: There are zero EPC sections.
[    1.564148] Initialise system trusted keyrings
[    1.566382] Key type blacklist registered
[    1.569508] workingset: timestamp_bits=36 max_order=20 bucket_order=0
[    1.574221] zbud: loaded
[    1.577560] fuse: init (API version 7.41)
[    1.581231] 9p: Installing v9fs 9p2000 file system support
[    1.585093] integrity: Platform Keyring initialized
[    1.587403] integrity: Machine keyring initialized
[    1.618330] NET: Registered PF_ALG protocol family
[    1.620732] xor: automatically using best checksumming function   avx
[    1.624193] Key type asymmetric registered
[    1.626195] Asymmetric key parser 'x509' registered
[    1.631642] Block layer SCSI generic (bsg) driver version 0.4 loaded (major 245)
[    1.636800] io scheduler mq-deadline registered
[    1.639781] io scheduler kyber registered
[    1.642490] io scheduler bfq registered
[    1.648489] atomic64_test: passed for x86-64 platform with CX8 and with SSE
[    1.652673] shpchp: Standard Hot Plug PCI Controller Driver version: 0.4
[    1.655490] input: Power Button as /devices/LNXSYSTM:00/LNXPWRBN:00/input/input0
[    1.659096] ACPI: button: Power Button [PWRF]
[    1.700614] ACPI: \_SB_.LNKB: Enabled at IRQ 10
[    1.748358] ACPI: \_SB_.LNKC: Enabled at IRQ 11
[    1.808313] ACPI: \_SB_.LNKD: Enabled at IRQ 11
[    1.857146] ACPI: \_SB_.LNKA: Enabled at IRQ 10
[    1.862292] Serial: 8250/16550 driver, 32 ports, IRQ sharing enabled
[    1.865860] 00:03: ttyS0 at I/O 0x3f8 (irq = 4, base_baud = 115200) is a 16550A
[    1.951312] Non-volatile memory driver v1.3
[    1.953976] Linux agpgart interface v0.103
[    1.957007] ACPI: bus type drm_connector registered
[    1.962522] scsi host0: ata_piix
[    1.964534] scsi host1: ata_piix
[    1.966003] ata1: PATA max MWDMA2 cmd 0x1f0 ctl 0x3f6 bmdma 0xc100 irq 14 lpm-pol 0
[    1.968974] ata2: PATA max MWDMA2 cmd 0x170 ctl 0x376 bmdma 0xc108 irq 15 lpm-pol 0
[    1.973877] usbcore: registered new interface driver usbserial_generic
[    1.977400] usbserial: USB Serial support registered for generic
[    1.980740] i8042: PNP: PS/2 Controller [PNP0303:KBD,PNP0f13:MOU] at 0x60,0x64 irq 1,12
[    1.986868] serio: i8042 KBD port at 0x60,0x64 irq 1
[    1.988909] serio: i8042 AUX port at 0x60,0x64 irq 12
[    1.991187] mousedev: PS/2 mouse device common for all mice
[    1.993885] rtc_cmos 00:04: RTC can wake from S4
[    1.994984] input: AT Translated Set 2 keyboard as /devices/platform/i8042/serio0/input/input1
[    1.998232] rtc_cmos 00:04: registered as rtc0
[    2.002046] rtc_cmos 00:04: setting system clock to 2026-04-24T11:23:37 UTC (1777029817)
[    2.005156] rtc_cmos 00:04: alarms up to one day, y3k, 242 bytes nvram, hpet irqs
[    2.009168] device-mapper: core: CONFIG_IMA_DISABLE_HTABLE is disabled. Duplicate IMA measurements will not be recorded in the IMA log.
[    2.017385] device-mapper: uevent: version 1.0.3
[    2.020859] device-mapper: ioctl: 4.48.0-ioctl (2023-03-01) initialised: dm-devel@lists.linux.dev
[    2.026225] intel_pstate: CPU model not supported
[    2.026560] input: VirtualPS/2 VMware VMMouse as /devices/platform/i8042/serio1/input/input4
[    2.029797] hid: raw HID events driver (C) Jiri Kosina
[    2.036370] usbcore: registered new interface driver usbhid
[    2.038786] usbhid: USB HID core driver
[    2.041069] drop_monitor: Initializing network drop monitor service
[    2.043996] input: VirtualPS/2 VMware VMMouse as /devices/platform/i8042/serio1/input/input3
[    2.044099] Initializing XFRM netlink socket
[    2.050256] NET: Registered PF_INET6 protocol family
[    2.055133] Segment Routing with IPv6
[    2.056806] RPL Segment Routing with IPv6
[    2.058926] In-situ OAM (IOAM) with IPv6
[    2.060793] mip6: Mobile IPv6
[    2.062515] NET: Registered PF_PACKET protocol family
[    2.064797] 9pnet: Installing 9P2000 support
[    2.071018] IPI shorthand broadcast: enabled
[    2.073258] AES CTR mode by8 optimization enabled
[    2.079978] sched_clock: Marking stable (2033009423, 46713293)->(2222586203, -142863487)
[    2.082840] registered taskstats version 1
[    2.084651] Loading compiled-in X.509 certificates
[    2.102159] Loaded X.509 cert 'Build time autogenerated kernel key: 02ddd5918901207fa5435621e50d8b114fc87593'
[    2.118229] Demotion targets for Node 0: null
[    2.120188] page_owner is disabled
[    2.122308] Key type .fscrypt registered
[    2.124104] Key type fscrypt-provisioning registered
[    2.128488] Btrfs loaded, zoned=yes, fsverity=yes
[    2.131030] Key type big_key registered
[    2.136826] Key type encrypted registered
[    2.139211] ima: No TPM chip found, activating TPM-bypass!
[    2.141691] Loading compiled-in module X.509 certificates
[    2.144620] Loaded X.509 cert 'Build time autogenerated kernel key: 02ddd5918901207fa5435621e50d8b114fc87593'
[    2.149346] ima: Allocated hash algorithm: sha256
[    2.151694] ima: No architecture policies found
[    2.154191] evm: Initialising EVM extended attributes:
[    2.156962] evm: security.selinux
[    2.159152] evm: security.SMACK64 (disabled)
[    2.161469] evm: security.SMACK64EXEC (disabled)
[    2.164017] evm: security.SMACK64TRANSMUTE (disabled)
[    2.166986] evm: security.SMACK64MMAP (disabled)
[    2.170066] evm: security.apparmor (disabled)
[    2.173438] evm: security.ima
[    2.175331] evm: security.capability
[    2.177365] evm: HMAC attrs: 0x1
[    2.200958] alg: No test for 842 (842-scomp)
[    2.203998] alg: No test for 842 (842-generic)
[    2.235687] PM:   Magic number: 6:779:378
[    2.238521] RAS: Correctable Errors collector initialized.
[    2.305560] clk: Disabling unused clocks
[    2.308418] PM: genpd: Disabling unused power domains
[    2.312982] md: Skipping autodetection of RAID arrays. (raid=autodetect will force)
[    2.315859] 9pnet_virtio: no channels available for device
[    2.317876] 9pnet: Limiting 'msize' to 512000 as this is the maximum supported by transport virtio
[    2.322001] VFS: Mounted root (9p filesystem) on device 0:22.
[    2.325128] devtmpfs: mounted
[    2.330522] Freeing unused decrypted memory: 2028K
[    2.335238] Freeing unused kernel image (initmem) memory: 4776K
[    2.338567] Write protecting the kernel read-only data: 36864k
[    2.342413] Freeing unused kernel image (rodata/data gap) memory: 660K
[    2.418372] x86/mm: Checked W+X mappings: passed, no W+X pages found.
[    2.420109] rodata_test: all tests were successful
[    2.421497] x86/mm: Checking user space page tables
[    2.489375] x86/mm: Checked W+X mappings: passed, no W+X pages found.
[    2.491841] Run /tmp/vmtest-init1SlbD.sh as init process
[    2.676398] vmtest: Mounting tmpfs at /dev/shm
[    2.831837] vmtest: Mounting tmpfs at /run
[    2.943113] vmtest: Mounting sysfs at /sys
[    2.991047] vmtest: Mounting debugfs at /sys/kernel/debug
[    3.028770] vmtest: Mounting tracefs at /sys/kernel/debug/tracing
[    3.079920] vmtest: Mounting cgroup2 at /sys/fs/cgroup
[    3.122591] vmtest: Mounting tmpfs at /mnt
[    3.172636] vmtest: Symlink /dev/fd to /proc/self/fd
[    3.190616] vmtest: Init done
[    3.315130] vmtest: Located qemu-guest-agent virtio port: /dev/vport0p1
[    3.317911] vmtest: Spawning qemu-ga in the background
===> Setting up VM
[    3.730420] 9pnet: Limiting 'msize' to 512000 as this is the maximum supported by transport virtio
===> Running command
[?2004hroot@(none):/#
make[1]: Leaving directory '/home/ed/iomoments'

=== kernel: /home/ed/kernel-images/vmlinuz-v6.6 ===
make[1]: Entering directory '/home/ed/iomoments'
vmtest load build/iomoments.bpf.o against /home/ed/kernel-images/vmlinuz-v6.6
=> vmlinuz-v6.6
===> Booting
Probing EDD (edd=off to disable)... ok
[    0.000000] Linux version 6.6.0 (root@f50a08fd09a6) (gcc (Alpine 12.2.1_git20220924-r10) 12.2.1 20220924, GNU ld (GNU Binutils) 2.40) #1 SMP PREEMPT_DYNAMIC Fri Apr 24 10:32:42 UTC 2026
[    0.000000] Command line: rootfstype=9p rootflags=trans=virtio,cache=mmap,msize=1048576 rw earlyprintk=serial,0,115200 printk.devkmsg=on console=0,115200 loglevel=7 raid=noautodetect init=/tmp/vmtest-init7DQ6a.sh panic=-1
[    0.000000] BIOS-provided physical RAM map:
[    0.000000] BIOS-e820: [mem 0x0000000000000000-0x000000000009fbff] usable
[    0.000000] BIOS-e820: [mem 0x000000000009fc00-0x000000000009ffff] reserved
[    0.000000] BIOS-e820: [mem 0x00000000000f0000-0x00000000000fffff] reserved
[    0.000000] BIOS-e820: [mem 0x0000000000100000-0x00000000bffdffff] usable
[    0.000000] BIOS-e820: [mem 0x00000000bffe0000-0x00000000bfffffff] reserved
[    0.000000] BIOS-e820: [mem 0x00000000feffc000-0x00000000feffffff] reserved
[    0.000000] BIOS-e820: [mem 0x00000000fffc0000-0x00000000ffffffff] reserved
[    0.000000] BIOS-e820: [mem 0x0000000100000000-0x000000013fffffff] usable
[    0.000000] printk: bootconsole [earlyser0] enabled
[    0.000000] NX (Execute Disable) protection: active
[    0.000000] APIC: Static calls initialized
[    0.000000] SMBIOS 3.0.0 present.
[    0.000000] DMI: QEMU Ubuntu 24.04 PC v2 (i440FX + PIIX, arch_caps fix, 1996), BIOS 1.16.3-debian-1.16.3-2 04/01/2014
[    0.000000] Hypervisor detected: KVM
[    0.000000] kvm-clock: Using msrs 4b564d01 and 4b564d00
[    0.000007] kvm-clock: using sched offset of 409396305 cycles
[    0.003308] clocksource: kvm-clock: mask: 0xffffffffffffffff max_cycles: 0x1cd42e4dffb, max_idle_ns: 881590591483 ns
[    0.014235] tsc: Detected 1992.005 MHz processor
[    0.017509] last_pfn = 0x140000 max_arch_pfn = 0x400000000
[    0.020712] MTRR map: 4 entries (3 fixed + 1 variable; max 19), built from 8 variable MTRRs
[    0.025971] x86/PAT: Configuration [0-7]: WB  WC  UC- UC  WB  WP  UC- WT
Memory KASLR using RDRAND RDTSC...
[    0.031372] last_pfn = 0xbffe0 max_arch_pfn = 0x400000000
[    0.051651] found SMP MP-table at [mem 0x000f5460-0x000f546f]
[    0.056214] Using GB pages for direct mapping
[    0.059352] ACPI: Early table checksum verification disabled
[    0.062961] ACPI: RSDP 0x00000000000F5250 000014 (v00 BOCHS )
[    0.066501] ACPI: RSDT 0x00000000BFFE1C96 000034 (v01 BOCHS  BXPC     00000001 BXPC 00000001)
[    0.071310] ACPI: FACP 0x00000000BFFE1B42 000074 (v01 BOCHS  BXPC     00000001 BXPC 00000001)
[    0.075949] ACPI: DSDT 0x00000000BFFE0040 001B02 (v01 BOCHS  BXPC     00000001 BXPC 00000001)
[    0.080378] ACPI: FACS 0x00000000BFFE0000 000040
[    0.082438] ACPI: APIC 0x00000000BFFE1BB6 000080 (v03 BOCHS  BXPC     00000001 BXPC 00000001)
[    0.086339] ACPI: HPET 0x00000000BFFE1C36 000038 (v01 BOCHS  BXPC     00000001 BXPC 00000001)
[    0.091317] ACPI: WAET 0x00000000BFFE1C6E 000028 (v01 BOCHS  BXPC     00000001 BXPC 00000001)
[    0.097166] ACPI: Reserving FACP table memory at [mem 0xbffe1b42-0xbffe1bb5]
[    0.102242] ACPI: Reserving DSDT table memory at [mem 0xbffe0040-0xbffe1b41]
[    0.107051] ACPI: Reserving FACS table memory at [mem 0xbffe0000-0xbffe003f]
[    0.111261] ACPI: Reserving APIC table memory at [mem 0xbffe1bb6-0xbffe1c35]
[    0.115050] ACPI: Reserving HPET table memory at [mem 0xbffe1c36-0xbffe1c6d]
[    0.118249] ACPI: Reserving WAET table memory at [mem 0xbffe1c6e-0xbffe1c95]
[    0.122664] No NUMA configuration found
[    0.124721] Faking a node at [mem 0x0000000000000000-0x000000013fffffff]
[    0.127482] NODE_DATA(0) allocated [mem 0x13ffd3000-0x13fffdfff]
[    0.222972] Zone ranges:
[    0.223928]   DMA      [mem 0x0000000000001000-0x0000000000ffffff]
[    0.225953]   DMA32    [mem 0x0000000001000000-0x00000000ffffffff]
[    0.227951]   Normal   [mem 0x0000000100000000-0x000000013fffffff]
[    0.229947]   Device   empty
[    0.230908] Movable zone start for each node
[    0.232619] Early memory node ranges
[    0.234547]   node   0: [mem 0x0000000000001000-0x000000000009efff]
[    0.237155]   node   0: [mem 0x0000000000100000-0x00000000bffdffff]
[    0.239287]   node   0: [mem 0x0000000100000000-0x000000013fffffff]
[    0.241129] Initmem setup node 0 [mem 0x0000000000001000-0x000000013fffffff]
[    0.243482] On node 0, zone DMA: 1 pages in unavailable ranges
[    0.243506] On node 0, zone DMA: 97 pages in unavailable ranges
[    0.253647] On node 0, zone Normal: 32 pages in unavailable ranges
[    0.259272] ACPI: PM-Timer IO Port: 0x608
[    0.265858] ACPI: LAPIC_NMI (acpi_id[0xff] dfl dfl lint[0x1])
[    0.268458] IOAPIC[0]: apic_id 0, version 17, address 0xfec00000, GSI 0-23
[    0.271794] ACPI: INT_SRC_OVR (bus 0 bus_irq 0 global_irq 2 dfl dfl)
[    0.274895] ACPI: INT_SRC_OVR (bus 0 bus_irq 5 global_irq 5 high level)
[    0.277697] ACPI: INT_SRC_OVR (bus 0 bus_irq 9 global_irq 9 high level)
[    0.280786] ACPI: INT_SRC_OVR (bus 0 bus_irq 10 global_irq 10 high level)
[    0.284464] ACPI: INT_SRC_OVR (bus 0 bus_irq 11 global_irq 11 high level)
[    0.288518] ACPI: Using ACPI (MADT) for SMP configuration information
[    0.292014] ACPI: HPET id: 0x8086a201 base: 0xfed00000
[    0.294936] TSC deadline timer available
[    0.297095] smpboot: Allowing 2 CPUs, 0 hotplug CPUs
[    0.299787] kvm-guest: APIC: eoi() replaced with kvm_guest_apic_eoi_write()
[    0.303186] kvm-guest: KVM setup pv remote TLB flush
[    0.305883] kvm-guest: setup PV sched yield
[    0.308563] PM: hibernation: Registered nosave memory: [mem 0x00000000-0x00000fff]
[    0.313845] PM: hibernation: Registered nosave memory: [mem 0x0009f000-0x0009ffff]
[    0.318777] PM: hibernation: Registered nosave memory: [mem 0x000a0000-0x000effff]
[    0.322855] PM: hibernation: Registered nosave memory: [mem 0x000f0000-0x000fffff]
[    0.326607] PM: hibernation: Registered nosave memory: [mem 0xbffe0000-0xbfffffff]
[    0.330391] PM: hibernation: Registered nosave memory: [mem 0xc0000000-0xfeffbfff]
[    0.333827] PM: hibernation: Registered nosave memory: [mem 0xfeffc000-0xfeffffff]
